#! /usr/bin/vvp
:ivl_version "12.0 (stable)";
:ivl_delay_selection "TYPICAL";
:vpi_time_precision - 12;
:vpi_module "/usr/lib/x86_64-linux-gnu/ivl/system.vpi";
:vpi_module "/usr/lib/x86_64-linux-gnu/ivl/vhdl_sys.vpi";
:vpi_module "/usr/lib/x86_64-linux-gnu/ivl/vhdl_textio.vpi";
:vpi_module "/usr/lib/x86_64-linux-gnu/ivl/v2005_math.vpi";
:vpi_module "/usr/lib/x86_64-linux-gnu/ivl/va_math.vpi";
:vpi_module "/usr/lib/x86_64-linux-gnu/ivl/v2009.vpi";
S_0x63d1c68c6d90 .scope package, "$unit" "$unit" 2 1;
 .timescale 0 0;
S_0x63d1c68ea700 .scope module, "tb_signal_processor_stim" "tb_signal_processor_stim" 3 3;
 .timescale -9 -12;
v0x63d1c6912500_0 .var "clk", 0 0;
v0x63d1c69125c0_0 .var "coeff", 17 0;
v0x63d1c6912680_0 .var/i "cycle", 31 0;
v0x63d1c6912740_0 .var "in_a", 7 0;
v0x63d1c6912830_0 .var "in_b", 7 0;
v0x63d1c6912920_0 .net "out_p", 47 0, v0x63d1c6912040_0;  1 drivers
v0x63d1c69129f0_0 .net "out_parity", 0 0, L_0x63d1c69285e0;  1 drivers
v0x63d1c6912ac0_0 .var "tap_sel", 4 0;
E_0x63d1c68c9e90 .event negedge, v0x63d1c6910510_0;
S_0x63d1c68ea3c0 .scope module, "dut" "signal_processor" 3 12, 4 1 0, S_0x63d1c68ea700;
 .timescale 0 0;
    .port_info 0 /INPUT 1 "clk";
    .port_info 1 /INPUT 8 "in_a";
    .port_info 2 /INPUT 8 "in_b";
    .port_info 3 /INPUT 18 "coeff";
    .port_info 4 /INPUT 5 "tap_sel";
    .port_info 5 /OUTPUT 48 "out_p";
    .port_info 6 /OUTPUT 1 "out_parity";
L_0x63d1c6915200 .functor XOR 4, L_0x63d1c6915070, L_0x63d1c6915110, C4<0000>, C4<0000>;
L_0x63d1c6917a20 .functor XOR 4, L_0x63d1c69178a0, L_0x63d1c6917980, C4<0000>, C4<0000>;
L_0x63d1c69285e0 .functor BUFZ 1, L_0x63d1c69284f0, C4<0>, C4<0>, C4<0>;
v0x63d1c6911420_0 .net *"_ivl_20", 3 0, L_0x63d1c69178a0;  1 drivers
v0x63d1c6911520_0 .net *"_ivl_22", 3 0, L_0x63d1c6917980;  1 drivers
v0x63d1c6911600_0 .net *"_ivl_32", 0 0, L_0x63d1c6917d30;  1 drivers
v0x63d1c69116c0_0 .net *"_ivl_33", 18 0, L_0x63d1c6917e20;  1 drivers
v0x63d1c69117a0_0 .net *"_ivl_5", 3 0, L_0x63d1c6915070;  1 drivers
v0x63d1c69118d0_0 .net *"_ivl_7", 3 0, L_0x63d1c6915110;  1 drivers
v0x63d1c69119b0_0 .net "clk", 0 0, v0x63d1c6912500_0;  1 drivers
v0x63d1c6911aa0_0 .net "co_0", 3 0, L_0x63d1c6914e90;  1 drivers
v0x63d1c6911b60_0 .net "co_1", 3 0, L_0x63d1c69175d0;  1 drivers
v0x63d1c6911c90_0 .net "coeff", 17 0, v0x63d1c69125c0_0;  1 drivers
v0x63d1c6911d30_0 .net "delayed_parity", 0 0, L_0x63d1c69284f0;  1 drivers
v0x63d1c6911dd0_0 .net "in_a", 7 0, v0x63d1c6912740_0;  1 drivers
v0x63d1c6911e70_0 .net "in_b", 7 0, v0x63d1c6912830_0;  1 drivers
v0x63d1c6911f50_0 .net "mac_out", 47 0, L_0x63d1c6917c70;  1 drivers
v0x63d1c6912040_0 .var "out_p", 47 0;
v0x63d1c6912100_0 .net "out_parity", 0 0, L_0x63d1c69285e0;  alias, 1 drivers
v0x63d1c69121c0_0 .net "parity", 0 0, L_0x63d1c6928340;  1 drivers
v0x63d1c6912290_0 .net "s_sum", 7 0, L_0x63d1c69176c0;  1 drivers
v0x63d1c6912350_0 .net "tap_sel", 4 0, v0x63d1c6912ac0_0;  1 drivers
L_0x63d1c6914f80 .part v0x63d1c6912740_0, 0, 4;
L_0x63d1c6915070 .part v0x63d1c6912740_0, 0, 4;
L_0x63d1c6915110 .part v0x63d1c6912830_0, 0, 4;
L_0x63d1c69176c0 .concat8 [ 4 4 0 0], L_0x63d1c6914180, L_0x63d1c69167b0;
L_0x63d1c6917800 .part v0x63d1c6912740_0, 4, 4;
L_0x63d1c69178a0 .part v0x63d1c6912740_0, 4, 4;
L_0x63d1c6917980 .part v0x63d1c6912830_0, 4, 4;
L_0x63d1c6917b30 .part L_0x63d1c6914e90, 3, 1;
L_0x63d1c6917d30 .part L_0x63d1c69176c0, 7, 1;
LS_0x63d1c6917e20_0_0 .concat [ 1 1 1 1], L_0x63d1c6917d30, L_0x63d1c6917d30, L_0x63d1c6917d30, L_0x63d1c6917d30;
LS_0x63d1c6917e20_0_4 .concat [ 1 1 1 1], L_0x63d1c6917d30, L_0x63d1c6917d30, L_0x63d1c6917d30, L_0x63d1c6917d30;
LS_0x63d1c6917e20_0_8 .concat [ 1 1 1 1], L_0x63d1c6917d30, L_0x63d1c6917d30, L_0x63d1c6917d30, L_0x63d1c6917d30;
LS_0x63d1c6917e20_0_12 .concat [ 1 1 1 1], L_0x63d1c6917d30, L_0x63d1c6917d30, L_0x63d1c6917d30, L_0x63d1c6917d30;
LS_0x63d1c6917e20_0_16 .concat [ 1 1 1 0], L_0x63d1c6917d30, L_0x63d1c6917d30, L_0x63d1c6917d30;
LS_0x63d1c6917e20_1_0 .concat [ 4 4 4 4], LS_0x63d1c6917e20_0_0, LS_0x63d1c6917e20_0_4, LS_0x63d1c6917e20_0_8, LS_0x63d1c6917e20_0_12;
LS_0x63d1c6917e20_1_4 .concat [ 3 0 0 0], LS_0x63d1c6917e20_0_16;
L_0x63d1c6917e20 .concat [ 16 3 0 0], LS_0x63d1c6917e20_1_0, LS_0x63d1c6917e20_1_4;
L_0x63d1c6918290 .concat [ 8 19 0 0], L_0x63d1c69176c0, L_0x63d1c6917e20;
L_0x63d1c6928340 .reduce/xor L_0x63d1c69176c0;
S_0x63d1c68e9b30 .scope module, "c0" "CARRY4" 4 14, 5 1 0, S_0x63d1c68ea3c0;
 .timescale 0 0;
    .port_info 0 /OUTPUT 4 "CO";
    .port_info 1 /OUTPUT 4 "O";
    .port_info 2 /INPUT 4 "DI";
    .port_info 3 /INPUT 4 "S";
    .port_info 4 /INPUT 1 "CYINIT";
    .port_info 5 /INPUT 1 "CI";
L_0x78800c786018 .functor BUFT 1, C4<0>, C4<0>, C4<0>, C4<0>;
L_0x78800c786060 .functor BUFT 1, C4<0>, C4<0>, C4<0>, C4<0>;
L_0x63d1c68ef470 .functor OR 1, L_0x78800c786018, L_0x78800c786060, C4<0>, C4<0>;
L_0x63d1c68ec540 .functor XOR 1, L_0x63d1c6912c10, L_0x63d1c6912d10, C4<0>, C4<0>;
L_0x63d1c68ebb80 .functor XOR 1, L_0x63d1c6913360, L_0x63d1c6913400, C4<0>, C4<0>;
L_0x63d1c6913930 .functor XOR 1, L_0x63d1c69139f0, L_0x63d1c6913a90, C4<0>, C4<0>;
L_0x63d1c6914460 .functor XOR 1, L_0x63d1c6914310, L_0x63d1c6913fc0, C4<0>, C4<0>;
v0x63d1c68ec660_0 .net "CI", 0 0, L_0x78800c786060;  1 drivers
v0x63d1c68ebca0_0 .net "CO", 3 0, L_0x63d1c6914e90;  alias, 1 drivers
v0x63d1c690bb40_0 .net "CYINIT", 0 0, L_0x78800c786018;  1 drivers
v0x63d1c690bbe0_0 .net "DI", 3 0, L_0x63d1c6914f80;  1 drivers
v0x63d1c690bcc0_0 .net "O", 3 0, L_0x63d1c6914180;  1 drivers
v0x63d1c690bdf0_0 .net "S", 3 0, L_0x63d1c6915200;  1 drivers
v0x63d1c690bed0_0 .net *"_ivl_10", 0 0, L_0x63d1c68ec540;  1 drivers
v0x63d1c690bfb0_0 .net *"_ivl_15", 0 0, L_0x63d1c6912ee0;  1 drivers
v0x63d1c690c090_0 .net *"_ivl_17", 0 0, L_0x63d1c6912fd0;  1 drivers
v0x63d1c690c170_0 .net *"_ivl_19", 0 0, L_0x63d1c69130f0;  1 drivers
v0x63d1c690c250_0 .net *"_ivl_2", 0 0, L_0x63d1c68ef470;  1 drivers
v0x63d1c690c330_0 .net *"_ivl_20", 0 0, L_0x63d1c6913190;  1 drivers
v0x63d1c690c410_0 .net *"_ivl_25", 0 0, L_0x63d1c6913360;  1 drivers
v0x63d1c690c4f0_0 .net *"_ivl_27", 0 0, L_0x63d1c6913400;  1 drivers
v0x63d1c690c5d0_0 .net *"_ivl_28", 0 0, L_0x63d1c68ebb80;  1 drivers
v0x63d1c690c6b0_0 .net *"_ivl_33", 0 0, L_0x63d1c6913590;  1 drivers
v0x63d1c690c790_0 .net *"_ivl_35", 0 0, L_0x63d1c6913630;  1 drivers
v0x63d1c690c870_0 .net *"_ivl_37", 0 0, L_0x63d1c69137c0;  1 drivers
v0x63d1c690c950_0 .net *"_ivl_38", 0 0, L_0x63d1c6913890;  1 drivers
v0x63d1c690ca30_0 .net *"_ivl_43", 0 0, L_0x63d1c69139f0;  1 drivers
v0x63d1c690cb10_0 .net *"_ivl_45", 0 0, L_0x63d1c6913a90;  1 drivers
v0x63d1c690cbf0_0 .net *"_ivl_46", 0 0, L_0x63d1c6913930;  1 drivers
v0x63d1c690ccd0_0 .net *"_ivl_51", 0 0, L_0x63d1c6913c80;  1 drivers
v0x63d1c690cdb0_0 .net *"_ivl_53", 0 0, L_0x63d1c6913d20;  1 drivers
v0x63d1c690ce90_0 .net *"_ivl_55", 0 0, L_0x63d1c6913e50;  1 drivers
v0x63d1c690cf70_0 .net *"_ivl_56", 0 0, L_0x63d1c6913f20;  1 drivers
v0x63d1c690d050_0 .net *"_ivl_62", 0 0, L_0x63d1c6914310;  1 drivers
v0x63d1c690d130_0 .net *"_ivl_64", 0 0, L_0x63d1c6913fc0;  1 drivers
v0x63d1c690d210_0 .net *"_ivl_65", 0 0, L_0x63d1c6914460;  1 drivers
v0x63d1c690d2f0_0 .net *"_ivl_7", 0 0, L_0x63d1c6912c10;  1 drivers
v0x63d1c690d3d0_0 .net *"_ivl_71", 0 0, L_0x63d1c6914860;  1 drivers
v0x63d1c690d4b0_0 .net *"_ivl_73", 0 0, L_0x63d1c6914a10;  1 drivers
v0x63d1c690d590_0 .net *"_ivl_75", 0 0, L_0x63d1c6914b80;  1 drivers
v0x63d1c690d880_0 .net *"_ivl_76", 0 0, L_0x63d1c6914c20;  1 drivers
v0x63d1c690d960_0 .net *"_ivl_9", 0 0, L_0x63d1c6912d10;  1 drivers
v0x63d1c690da40_0 .net "c", 4 0, L_0x63d1c69145c0;  1 drivers
L_0x63d1c6912c10 .part L_0x63d1c6915200, 0, 1;
L_0x63d1c6912d10 .part L_0x63d1c69145c0, 0, 1;
L_0x63d1c6912ee0 .part L_0x63d1c6915200, 0, 1;
L_0x63d1c6912fd0 .part L_0x63d1c69145c0, 0, 1;
L_0x63d1c69130f0 .part L_0x63d1c6914f80, 0, 1;
L_0x63d1c6913190 .functor MUXZ 1, L_0x63d1c69130f0, L_0x63d1c6912fd0, L_0x63d1c6912ee0, C4<>;
L_0x63d1c6913360 .part L_0x63d1c6915200, 1, 1;
L_0x63d1c6913400 .part L_0x63d1c69145c0, 1, 1;
L_0x63d1c6913590 .part L_0x63d1c6915200, 1, 1;
L_0x63d1c6913630 .part L_0x63d1c69145c0, 1, 1;
L_0x63d1c69137c0 .part L_0x63d1c6914f80, 1, 1;
L_0x63d1c6913890 .functor MUXZ 1, L_0x63d1c69137c0, L_0x63d1c6913630, L_0x63d1c6913590, C4<>;
L_0x63d1c69139f0 .part L_0x63d1c6915200, 2, 1;
L_0x63d1c6913a90 .part L_0x63d1c69145c0, 2, 1;
L_0x63d1c6913c80 .part L_0x63d1c6915200, 2, 1;
L_0x63d1c6913d20 .part L_0x63d1c69145c0, 2, 1;
L_0x63d1c6913e50 .part L_0x63d1c6914f80, 2, 1;
L_0x63d1c6913f20 .functor MUXZ 1, L_0x63d1c6913e50, L_0x63d1c6913d20, L_0x63d1c6913c80, C4<>;
L_0x63d1c6914180 .concat8 [ 1 1 1 1], L_0x63d1c68ec540, L_0x63d1c68ebb80, L_0x63d1c6913930, L_0x63d1c6914460;
L_0x63d1c6914310 .part L_0x63d1c6915200, 3, 1;
L_0x63d1c6913fc0 .part L_0x63d1c69145c0, 3, 1;
LS_0x63d1c69145c0_0_0 .concat8 [ 1 1 1 1], L_0x63d1c68ef470, L_0x63d1c6913190, L_0x63d1c6913890, L_0x63d1c6913f20;
LS_0x63d1c69145c0_0_4 .concat8 [ 1 0 0 0], L_0x63d1c6914c20;
L_0x63d1c69145c0 .concat8 [ 4 1 0 0], LS_0x63d1c69145c0_0_0, LS_0x63d1c69145c0_0_4;
L_0x63d1c6914860 .part L_0x63d1c6915200, 3, 1;
L_0x63d1c6914a10 .part L_0x63d1c69145c0, 3, 1;
L_0x63d1c6914b80 .part L_0x63d1c6914f80, 3, 1;
L_0x63d1c6914c20 .functor MUXZ 1, L_0x63d1c6914b80, L_0x63d1c6914a10, L_0x63d1c6914860, C4<>;
L_0x63d1c6914e90 .part L_0x63d1c69145c0, 1, 4;
S_0x63d1c690dbe0 .scope module, "c1" "CARRY4" 4 19, 5 1 0, S_0x63d1c68ea3c0;
 .timescale 0 0;
    .port_info 0 /OUTPUT 4 "CO";
    .port_info 1 /OUTPUT 4 "O";
    .port_info 2 /INPUT 4 "DI";
    .port_info 3 /INPUT 4 "S";
    .port_info 4 /INPUT 1 "CYINIT";
    .port_info 5 /INPUT 1 "CI";
L_0x78800c7860a8 .functor BUFT 1, C4<0>, C4<0>, C4<0>, C4<0>;
L_0x63d1c6915360 .functor OR 1, L_0x78800c7860a8, L_0x63d1c6917b30, C4<0>, C4<0>;
L_0x63d1c6915510 .functor XOR 1, L_0x63d1c69153d0, L_0x63d1c6915470, C4<0>, C4<0>;
L_0x63d1c6915c00 .functor XOR 1, L_0x63d1c6915a70, L_0x63d1c6915b10, C4<0>, C4<0>;
L_0x63d1c6915ff0 .functor XOR 1, L_0x63d1c69160b0, L_0x63d1c6916150, C4<0>, C4<0>;
L_0x63d1c6916a90 .functor XOR 1, L_0x63d1c6916940, L_0x63d1c6916620, C4<0>, C4<0>;
v0x63d1c690de30_0 .net "CI", 0 0, L_0x63d1c6917b30;  1 drivers
v0x63d1c690def0_0 .net "CO", 3 0, L_0x63d1c69175d0;  alias, 1 drivers
v0x63d1c690dfd0_0 .net "CYINIT", 0 0, L_0x78800c7860a8;  1 drivers
v0x63d1c690e070_0 .net "DI", 3 0, L_0x63d1c6917800;  1 drivers
v0x63d1c690e150_0 .net "O", 3 0, L_0x63d1c69167b0;  1 drivers
v0x63d1c690e280_0 .net "S", 3 0, L_0x63d1c6917a20;  1 drivers
v0x63d1c690e360_0 .net *"_ivl_10", 0 0, L_0x63d1c6915510;  1 drivers
v0x63d1c690e440_0 .net *"_ivl_15", 0 0, L_0x63d1c6915620;  1 drivers
v0x63d1c690e520_0 .net *"_ivl_17", 0 0, L_0x63d1c6915710;  1 drivers
v0x63d1c690e600_0 .net *"_ivl_19", 0 0, L_0x63d1c6915800;  1 drivers
v0x63d1c690e6e0_0 .net *"_ivl_2", 0 0, L_0x63d1c6915360;  1 drivers
v0x63d1c690e7c0_0 .net *"_ivl_20", 0 0, L_0x63d1c69158a0;  1 drivers
v0x63d1c690e8a0_0 .net *"_ivl_25", 0 0, L_0x63d1c6915a70;  1 drivers
v0x63d1c690e980_0 .net *"_ivl_27", 0 0, L_0x63d1c6915b10;  1 drivers
v0x63d1c690ea60_0 .net *"_ivl_28", 0 0, L_0x63d1c6915c00;  1 drivers
v0x63d1c690eb40_0 .net *"_ivl_33", 0 0, L_0x63d1c6915d10;  1 drivers
v0x63d1c690ec20_0 .net *"_ivl_35", 0 0, L_0x63d1c6915db0;  1 drivers
v0x63d1c690ed00_0 .net *"_ivl_37", 0 0, L_0x63d1c6915eb0;  1 drivers
v0x63d1c690ede0_0 .net *"_ivl_38", 0 0, L_0x63d1c6915f50;  1 drivers
v0x63d1c690eec0_0 .net *"_ivl_43", 0 0, L_0x63d1c69160b0;  1 drivers
v0x63d1c690efa0_0 .net *"_ivl_45", 0 0, L_0x63d1c6916150;  1 drivers
v0x63d1c690f080_0 .net *"_ivl_46", 0 0, L_0x63d1c6915ff0;  1 drivers
v0x63d1c690f160_0 .net *"_ivl_51", 0 0, L_0x63d1c6916310;  1 drivers
v0x63d1c690f240_0 .net *"_ivl_53", 0 0, L_0x63d1c69163b0;  1 drivers
v0x63d1c690f320_0 .net *"_ivl_55", 0 0, L_0x63d1c69164e0;  1 drivers
v0x63d1c690f400_0 .net *"_ivl_56", 0 0, L_0x63d1c6916580;  1 drivers
v0x63d1c690f4e0_0 .net *"_ivl_62", 0 0, L_0x63d1c6916940;  1 drivers
v0x63d1c690f5c0_0 .net *"_ivl_64", 0 0, L_0x63d1c6916620;  1 drivers
v0x63d1c690f6a0_0 .net *"_ivl_65", 0 0, L_0x63d1c6916a90;  1 drivers
v0x63d1c690f780_0 .net *"_ivl_7", 0 0, L_0x63d1c69153d0;  1 drivers
v0x63d1c690f860_0 .net *"_ivl_71", 0 0, L_0x63d1c6916fa0;  1 drivers
v0x63d1c690f940_0 .net *"_ivl_73", 0 0, L_0x63d1c6917150;  1 drivers
v0x63d1c690fa20_0 .net *"_ivl_75", 0 0, L_0x63d1c69172c0;  1 drivers
v0x63d1c690fd10_0 .net *"_ivl_76", 0 0, L_0x63d1c6917360;  1 drivers
v0x63d1c690fdf0_0 .net *"_ivl_9", 0 0, L_0x63d1c6915470;  1 drivers
v0x63d1c690fed0_0 .net "c", 4 0, L_0x63d1c6916bf0;  1 drivers
L_0x63d1c69153d0 .part L_0x63d1c6917a20, 0, 1;
L_0x63d1c6915470 .part L_0x63d1c6916bf0, 0, 1;
L_0x63d1c6915620 .part L_0x63d1c6917a20, 0, 1;
L_0x63d1c6915710 .part L_0x63d1c6916bf0, 0, 1;
L_0x63d1c6915800 .part L_0x63d1c6917800, 0, 1;
L_0x63d1c69158a0 .functor MUXZ 1, L_0x63d1c6915800, L_0x63d1c6915710, L_0x63d1c6915620, C4<>;
L_0x63d1c6915a70 .part L_0x63d1c6917a20, 1, 1;
L_0x63d1c6915b10 .part L_0x63d1c6916bf0, 1, 1;
L_0x63d1c6915d10 .part L_0x63d1c6917a20, 1, 1;
L_0x63d1c6915db0 .part L_0x63d1c6916bf0, 1, 1;
L_0x63d1c6915eb0 .part L_0x63d1c6917800, 1, 1;
L_0x63d1c6915f50 .functor MUXZ 1, L_0x63d1c6915eb0, L_0x63d1c6915db0, L_0x63d1c6915d10, C4<>;
L_0x63d1c69160b0 .part L_0x63d1c6917a20, 2, 1;
L_0x63d1c6916150 .part L_0x63d1c6916bf0, 2, 1;
L_0x63d1c6916310 .part L_0x63d1c6917a20, 2, 1;
L_0x63d1c69163b0 .part L_0x63d1c6916bf0, 2, 1;
L_0x63d1c69164e0 .part L_0x63d1c6917800, 2, 1;
L_0x63d1c6916580 .functor MUXZ 1, L_0x63d1c69164e0, L_0x63d1c69163b0, L_0x63d1c6916310, C4<>;
L_0x63d1c69167b0 .concat8 [ 1 1 1 1], L_0x63d1c6915510, L_0x63d1c6915c00, L_0x63d1c6915ff0, L_0x63d1c6916a90;
L_0x63d1c6916940 .part L_0x63d1c6917a20, 3, 1;
L_0x63d1c6916620 .part L_0x63d1c6916bf0, 3, 1;
LS_0x63d1c6916bf0_0_0 .concat8 [ 1 1 1 1], L_0x63d1c6915360, L_0x63d1c69158a0, L_0x63d1c6915f50, L_0x63d1c6916580;
LS_0x63d1c6916bf0_0_4 .concat8 [ 1 0 0 0], L_0x63d1c6917360;
L_0x63d1c6916bf0 .concat8 [ 4 1 0 0], LS_0x63d1c6916bf0_0_0, LS_0x63d1c6916bf0_0_4;
L_0x63d1c6916fa0 .part L_0x63d1c6917a20, 3, 1;
L_0x63d1c6917150 .part L_0x63d1c6916bf0, 3, 1;
L_0x63d1c69172c0 .part L_0x63d1c6917800, 3, 1;
L_0x63d1c6917360 .functor MUXZ 1, L_0x63d1c69172c0, L_0x63d1c6917150, L_0x63d1c6916fa0, C4<>;
L_0x63d1c69175d0 .part L_0x63d1c6916bf0, 1, 4;
S_0x63d1c6910070 .scope module, "dsp" "DSP48E2" 4 25, 5 23 0, S_0x63d1c68ea3c0;
 .timescale 0 0;
    .port_info 0 /OUTPUT 48 "P";
    .port_info 1 /INPUT 1 "CLK";
    .port_info 2 /INPUT 1 "USE_PRE";
    .port_info 3 /INPUT 27 "A";
    .port_info 4 /INPUT 18 "B";
    .port_info 5 /INPUT 48 "C";
    .port_info 6 /INPUT 27 "D";
    .port_info 7 /INPUT 2 "STATE";
L_0x63d1c6917c70 .functor BUFZ 48, v0x63d1c6910980_0, C4<000000000000000000000000000000000000000000000000>, C4<000000000000000000000000000000000000000000000000>, C4<000000000000000000000000000000000000000000000000>;
v0x63d1c6910270_0 .net "A", 26 0, L_0x63d1c6918290;  1 drivers
v0x63d1c6910370_0 .net "B", 17 0, v0x63d1c69125c0_0;  alias, 1 drivers
L_0x78800c786138 .functor BUFT 1, C4<000000000000000000000000000000000000000000000000>, C4<0>, C4<0>, C4<0>;
v0x63d1c6910450_0 .net "C", 47 0, L_0x78800c786138;  1 drivers
v0x63d1c6910510_0 .net "CLK", 0 0, v0x63d1c6912500_0;  alias, 1 drivers
L_0x78800c786180 .functor BUFT 1, C4<000000000000000000000000000>, C4<0>, C4<0>, C4<0>;
v0x63d1c69105d0_0 .net "D", 26 0, L_0x78800c786180;  1 drivers
v0x63d1c6910700_0 .net "P", 47 0, L_0x63d1c6917c70;  alias, 1 drivers
L_0x78800c7861c8 .functor BUFT 1, C4<00>, C4<0>, C4<0>, C4<0>;
v0x63d1c69107e0_0 .net "STATE", 1 0, L_0x78800c7861c8;  1 drivers
L_0x78800c7860f0 .functor BUFT 1, C4<0>, C4<0>, C4<0>, C4<0>;
v0x63d1c69108c0_0 .net "USE_PRE", 0 0, L_0x78800c7860f0;  1 drivers
v0x63d1c6910980_0 .var "preg", 47 0;
E_0x63d1c68ca3f0 .event posedge, v0x63d1c6910510_0;
S_0x63d1c6910b60 .scope module, "srl" "SRLC32E" 4 39, 5 40 0, S_0x63d1c68ea3c0;
 .timescale 0 0;
    .port_info 0 /OUTPUT 1 "Q";
    .port_info 1 /OUTPUT 1 "Q31";
    .port_info 2 /INPUT 1 "CLK";
    .port_info 3 /INPUT 1 "CE";
    .port_info 4 /INPUT 1 "D";
    .port_info 5 /INPUT 5 "A";
v0x63d1c6910d90_0 .net "A", 4 0, v0x63d1c6912ac0_0;  alias, 1 drivers
L_0x78800c786210 .functor BUFT 1, C4<1>, C4<0>, C4<0>, C4<0>;
v0x63d1c6910e90_0 .net "CE", 0 0, L_0x78800c786210;  1 drivers
v0x63d1c6910f50_0 .net "CLK", 0 0, v0x63d1c6912500_0;  alias, 1 drivers
v0x63d1c6910ff0_0 .net "D", 0 0, L_0x63d1c6928340;  alias, 1 drivers
v0x63d1c6911090_0 .net "Q", 0 0, L_0x63d1c69284f0;  alias, 1 drivers
v0x63d1c6911180_0 .net "Q31", 0 0, L_0x63d1c6928450;  1 drivers
v0x63d1c6911240_0 .var "shift_reg", 31 0;
L_0x63d1c6928450 .part v0x63d1c6911240_0, 31, 1;
L_0x63d1c69284f0 .part/v v0x63d1c6911240_0, v0x63d1c6912ac0_0, 1;
    .scope S_0x63d1c6910070;
T_0 ;
    %wait E_0x63d1c68ca3f0;
    %load/vec4 v0x63d1c6910450_0;
    %load/vec4 v0x63d1c6910270_0;
    %pad/u 48;
    %load/vec4 v0x63d1c6910370_0;
    %pad/u 48;
    %mul;
    %add;
    %assign/vec4 v0x63d1c6910980_0, 0;
    %jmp T_0;
    .thread T_0;
    .scope S_0x63d1c6910b60;
T_1 ;
    %wait E_0x63d1c68ca3f0;
    %load/vec4 v0x63d1c6910e90_0;
    %flag_set/vec4 8;
    %jmp/0xz  T_1.0, 8;
    %load/vec4 v0x63d1c6911240_0;
    %parti/s 31, 0, 2;
    %load/vec4 v0x63d1c6910ff0_0;
    %concat/vec4; draw_concat_vec4
    %assign/vec4 v0x63d1c6911240_0, 0;
T_1.0 ;
    %jmp T_1;
    .thread T_1;
    .scope S_0x63d1c68ea3c0;
T_2 ;
    %wait E_0x63d1c68ca3f0;
    %load/vec4 v0x63d1c6911f50_0;
    %assign/vec4 v0x63d1c6912040_0, 0;
    %jmp T_2;
    .thread T_2;
    .scope S_0x63d1c68ea700;
T_3 ;
    %delay 5000, 0;
    %load/vec4 v0x63d1c6912500_0;
    %inv;
    %store/vec4 v0x63d1c6912500_0, 0, 1;
    %jmp T_3;
    .thread T_3;
    .scope S_0x63d1c68ea700;
T_4 ;
    %vpi_call/w 3 26 "$dumpfile", "benchmark/sim_out/signal_processor_stim.vcd" {0 0 0};
    %vpi_call/w 3 27 "$dumpvars", 32'sb00000000000000000000000000000000, S_0x63d1c68ea3c0 {0 0 0};
    %pushi/vec4 0, 0, 1;
    %store/vec4 v0x63d1c6912500_0, 0, 1;
    %pushi/vec4 0, 0, 8;
    %store/vec4 v0x63d1c6912740_0, 0, 8;
    %pushi/vec4 0, 0, 8;
    %store/vec4 v0x63d1c6912830_0, 0, 8;
    %pushi/vec4 0, 0, 18;
    %store/vec4 v0x63d1c69125c0_0, 0, 18;
    %pushi/vec4 0, 0, 5;
    %store/vec4 v0x63d1c6912ac0_0, 0, 5;
    %pushi/vec4 0, 0, 32;
    %store/vec4 v0x63d1c6912680_0, 0, 32;
T_4.0 ;
    %load/vec4 v0x63d1c6912680_0;
    %cmpi/s 64, 0, 32;
    %jmp/0xz T_4.1, 5;
    %wait E_0x63d1c68c9e90;
    %vpi_func 3 37 "$random" 32 {0 0 0};
    %pad/s 8;
    %store/vec4 v0x63d1c6912740_0, 0, 8;
    %vpi_func 3 38 "$random" 32 {0 0 0};
    %pad/s 8;
    %store/vec4 v0x63d1c6912830_0, 0, 8;
    %vpi_func 3 39 "$random" 32 {0 0 0};
    %pad/s 18;
    %store/vec4 v0x63d1c69125c0_0, 0, 18;
    %load/vec4 v0x63d1c6912680_0;
    %pushi/vec4 32, 0, 32;
    %mod/s;
    %pad/s 5;
    %store/vec4 v0x63d1c6912ac0_0, 0, 5;
    %load/vec4 v0x63d1c6912680_0;
    %addi 1, 0, 32;
    %store/vec4 v0x63d1c6912680_0, 0, 32;
    %jmp T_4.0;
T_4.1 ;
    %wait E_0x63d1c68ca3f0;
    %vpi_call/w 3 44 "$finish" {0 0 0};
    %end;
    .thread T_4;
# The file index is used to find the file name in the following table.
:file_names 6;
    "N/A";
    "<interactive>";
    "-";
    "/home/pratham_sharma/gem/benchmark/tb_signal_processor_stim.sv";
    "/home/pratham_sharma/gem/test3/signal_processor.sv";
    "/home/pratham_sharma/gem/test3/macros_behavioral.sv";
