#! /usr/bin/vvp
:ivl_version "12.0 (stable)";
:ivl_delay_selection "TYPICAL";
:vpi_time_precision - 12;
:vpi_module "/usr/lib/x86_64-linux-gnu/ivl/system.vpi";
:vpi_module "/usr/lib/x86_64-linux-gnu/ivl/vhdl_sys.vpi";
:vpi_module "/usr/lib/x86_64-linux-gnu/ivl/vhdl_textio.vpi";
:vpi_module "/usr/lib/x86_64-linux-gnu/ivl/v2005_math.vpi";
:vpi_module "/usr/lib/x86_64-linux-gnu/ivl/va_math.vpi";
:vpi_module "/usr/lib/x86_64-linux-gnu/ivl/v2009.vpi";
S_0x5f90cc7bfd90 .scope package, "$unit" "$unit" 2 1;
 .timescale 0 0;
S_0x5f90cc7e3700 .scope module, "tb_signal_processor_stim" "tb_signal_processor_stim" 3 3;
 .timescale -9 -12;
v0x5f90cc80b480_0 .var "clk", 0 0;
v0x5f90cc80b540_0 .var "coeff", 17 0;
v0x5f90cc80b600_0 .var/i "cycle", 31 0;
v0x5f90cc80b6c0_0 .var "in_a", 7 0;
v0x5f90cc80b7b0_0 .var "in_b", 7 0;
v0x5f90cc80b8a0_0 .net "out_p", 47 0, v0x5f90cc80afc0_0;  1 drivers
v0x5f90cc80b970_0 .net "out_parity", 0 0, L_0x5f90cc821560;  1 drivers
v0x5f90cc80ba40_0 .var "tap_sel", 4 0;
E_0x5f90cc7c2e90 .event negedge, v0x5f90cc809490_0;
S_0x5f90cc7e33c0 .scope module, "dut" "signal_processor" 3 12, 4 1 0, S_0x5f90cc7e3700;
 .timescale 0 0;
    .port_info 0 /INPUT 1 "clk";
    .port_info 1 /INPUT 8 "in_a";
    .port_info 2 /INPUT 8 "in_b";
    .port_info 3 /INPUT 18 "coeff";
    .port_info 4 /INPUT 5 "tap_sel";
    .port_info 5 /OUTPUT 48 "out_p";
    .port_info 6 /OUTPUT 1 "out_parity";
L_0x5f90cc80e180 .functor XOR 4, L_0x5f90cc80dff0, L_0x5f90cc80e090, C4<0000>, C4<0000>;
L_0x5f90cc8109a0 .functor XOR 4, L_0x5f90cc810820, L_0x5f90cc810900, C4<0000>, C4<0000>;
L_0x5f90cc821560 .functor BUFZ 1, L_0x5f90cc821470, C4<0>, C4<0>, C4<0>;
v0x5f90cc80a3a0_0 .net *"_ivl_20", 3 0, L_0x5f90cc810820;  1 drivers
v0x5f90cc80a4a0_0 .net *"_ivl_22", 3 0, L_0x5f90cc810900;  1 drivers
v0x5f90cc80a580_0 .net *"_ivl_32", 0 0, L_0x5f90cc810cb0;  1 drivers
v0x5f90cc80a640_0 .net *"_ivl_33", 18 0, L_0x5f90cc810da0;  1 drivers
v0x5f90cc80a720_0 .net *"_ivl_5", 3 0, L_0x5f90cc80dff0;  1 drivers
v0x5f90cc80a850_0 .net *"_ivl_7", 3 0, L_0x5f90cc80e090;  1 drivers
v0x5f90cc80a930_0 .net "clk", 0 0, v0x5f90cc80b480_0;  1 drivers
v0x5f90cc80aa20_0 .net "co_0", 3 0, L_0x5f90cc80de10;  1 drivers
v0x5f90cc80aae0_0 .net "co_1", 3 0, L_0x5f90cc810550;  1 drivers
v0x5f90cc80ac10_0 .net "coeff", 17 0, v0x5f90cc80b540_0;  1 drivers
v0x5f90cc80acb0_0 .net "delayed_parity", 0 0, L_0x5f90cc821470;  1 drivers
v0x5f90cc80ad50_0 .net "in_a", 7 0, v0x5f90cc80b6c0_0;  1 drivers
v0x5f90cc80adf0_0 .net "in_b", 7 0, v0x5f90cc80b7b0_0;  1 drivers
v0x5f90cc80aed0_0 .net "mac_out", 47 0, L_0x5f90cc810bf0;  1 drivers
v0x5f90cc80afc0_0 .var "out_p", 47 0;
v0x5f90cc80b080_0 .net "out_parity", 0 0, L_0x5f90cc821560;  alias, 1 drivers
v0x5f90cc80b140_0 .net "parity", 0 0, L_0x5f90cc8212c0;  1 drivers
v0x5f90cc80b210_0 .net "s_sum", 7 0, L_0x5f90cc810640;  1 drivers
v0x5f90cc80b2d0_0 .net "tap_sel", 4 0, v0x5f90cc80ba40_0;  1 drivers
L_0x5f90cc80df00 .part v0x5f90cc80b6c0_0, 0, 4;
L_0x5f90cc80dff0 .part v0x5f90cc80b6c0_0, 0, 4;
L_0x5f90cc80e090 .part v0x5f90cc80b7b0_0, 0, 4;
L_0x5f90cc810640 .concat8 [ 4 4 0 0], L_0x5f90cc80d100, L_0x5f90cc80f730;
L_0x5f90cc810780 .part v0x5f90cc80b6c0_0, 4, 4;
L_0x5f90cc810820 .part v0x5f90cc80b6c0_0, 4, 4;
L_0x5f90cc810900 .part v0x5f90cc80b7b0_0, 4, 4;
L_0x5f90cc810ab0 .part L_0x5f90cc80de10, 3, 1;
L_0x5f90cc810cb0 .part L_0x5f90cc810640, 7, 1;
LS_0x5f90cc810da0_0_0 .concat [ 1 1 1 1], L_0x5f90cc810cb0, L_0x5f90cc810cb0, L_0x5f90cc810cb0, L_0x5f90cc810cb0;
LS_0x5f90cc810da0_0_4 .concat [ 1 1 1 1], L_0x5f90cc810cb0, L_0x5f90cc810cb0, L_0x5f90cc810cb0, L_0x5f90cc810cb0;
LS_0x5f90cc810da0_0_8 .concat [ 1 1 1 1], L_0x5f90cc810cb0, L_0x5f90cc810cb0, L_0x5f90cc810cb0, L_0x5f90cc810cb0;
LS_0x5f90cc810da0_0_12 .concat [ 1 1 1 1], L_0x5f90cc810cb0, L_0x5f90cc810cb0, L_0x5f90cc810cb0, L_0x5f90cc810cb0;
LS_0x5f90cc810da0_0_16 .concat [ 1 1 1 0], L_0x5f90cc810cb0, L_0x5f90cc810cb0, L_0x5f90cc810cb0;
LS_0x5f90cc810da0_1_0 .concat [ 4 4 4 4], LS_0x5f90cc810da0_0_0, LS_0x5f90cc810da0_0_4, LS_0x5f90cc810da0_0_8, LS_0x5f90cc810da0_0_12;
LS_0x5f90cc810da0_1_4 .concat [ 3 0 0 0], LS_0x5f90cc810da0_0_16;
L_0x5f90cc810da0 .concat [ 16 3 0 0], LS_0x5f90cc810da0_1_0, LS_0x5f90cc810da0_1_4;
L_0x5f90cc811210 .concat [ 8 19 0 0], L_0x5f90cc810640, L_0x5f90cc810da0;
L_0x5f90cc8212c0 .reduce/xor L_0x5f90cc810640;
S_0x5f90cc7e2b30 .scope module, "c0" "CARRY4" 4 14, 5 1 0, S_0x5f90cc7e33c0;
 .timescale 0 0;
    .port_info 0 /OUTPUT 4 "CO";
    .port_info 1 /OUTPUT 4 "O";
    .port_info 2 /INPUT 4 "DI";
    .port_info 3 /INPUT 4 "S";
    .port_info 4 /INPUT 1 "CYINIT";
    .port_info 5 /INPUT 1 "CI";
L_0x7e9ca8ece018 .functor BUFT 1, C4<0>, C4<0>, C4<0>, C4<0>;
L_0x7e9ca8ece060 .functor BUFT 1, C4<0>, C4<0>, C4<0>, C4<0>;
L_0x5f90cc7e83f0 .functor OR 1, L_0x7e9ca8ece018, L_0x7e9ca8ece060, C4<0>, C4<0>;
L_0x5f90cc7e5540 .functor XOR 1, L_0x5f90cc80bb90, L_0x5f90cc80bc90, C4<0>, C4<0>;
L_0x5f90cc7e4b80 .functor XOR 1, L_0x5f90cc80c2e0, L_0x5f90cc80c380, C4<0>, C4<0>;
L_0x5f90cc80c8b0 .functor XOR 1, L_0x5f90cc80c970, L_0x5f90cc80ca10, C4<0>, C4<0>;
L_0x5f90cc80d3e0 .functor XOR 1, L_0x5f90cc80d290, L_0x5f90cc80cf40, C4<0>, C4<0>;
v0x5f90cc7e5660_0 .net "CI", 0 0, L_0x7e9ca8ece060;  1 drivers
v0x5f90cc7e4ca0_0 .net "CO", 3 0, L_0x5f90cc80de10;  alias, 1 drivers
v0x5f90cc804ac0_0 .net "CYINIT", 0 0, L_0x7e9ca8ece018;  1 drivers
v0x5f90cc804b60_0 .net "DI", 3 0, L_0x5f90cc80df00;  1 drivers
v0x5f90cc804c40_0 .net "O", 3 0, L_0x5f90cc80d100;  1 drivers
v0x5f90cc804d70_0 .net "S", 3 0, L_0x5f90cc80e180;  1 drivers
v0x5f90cc804e50_0 .net *"_ivl_10", 0 0, L_0x5f90cc7e5540;  1 drivers
v0x5f90cc804f30_0 .net *"_ivl_15", 0 0, L_0x5f90cc80be60;  1 drivers
v0x5f90cc805010_0 .net *"_ivl_17", 0 0, L_0x5f90cc80bf50;  1 drivers
v0x5f90cc8050f0_0 .net *"_ivl_19", 0 0, L_0x5f90cc80c070;  1 drivers
v0x5f90cc8051d0_0 .net *"_ivl_2", 0 0, L_0x5f90cc7e83f0;  1 drivers
v0x5f90cc8052b0_0 .net *"_ivl_20", 0 0, L_0x5f90cc80c110;  1 drivers
v0x5f90cc805390_0 .net *"_ivl_25", 0 0, L_0x5f90cc80c2e0;  1 drivers
v0x5f90cc805470_0 .net *"_ivl_27", 0 0, L_0x5f90cc80c380;  1 drivers
v0x5f90cc805550_0 .net *"_ivl_28", 0 0, L_0x5f90cc7e4b80;  1 drivers
v0x5f90cc805630_0 .net *"_ivl_33", 0 0, L_0x5f90cc80c510;  1 drivers
v0x5f90cc805710_0 .net *"_ivl_35", 0 0, L_0x5f90cc80c5b0;  1 drivers
v0x5f90cc8057f0_0 .net *"_ivl_37", 0 0, L_0x5f90cc80c740;  1 drivers
v0x5f90cc8058d0_0 .net *"_ivl_38", 0 0, L_0x5f90cc80c810;  1 drivers
v0x5f90cc8059b0_0 .net *"_ivl_43", 0 0, L_0x5f90cc80c970;  1 drivers
v0x5f90cc805a90_0 .net *"_ivl_45", 0 0, L_0x5f90cc80ca10;  1 drivers
v0x5f90cc805b70_0 .net *"_ivl_46", 0 0, L_0x5f90cc80c8b0;  1 drivers
v0x5f90cc805c50_0 .net *"_ivl_51", 0 0, L_0x5f90cc80cc00;  1 drivers
v0x5f90cc805d30_0 .net *"_ivl_53", 0 0, L_0x5f90cc80cca0;  1 drivers
v0x5f90cc805e10_0 .net *"_ivl_55", 0 0, L_0x5f90cc80cdd0;  1 drivers
v0x5f90cc805ef0_0 .net *"_ivl_56", 0 0, L_0x5f90cc80cea0;  1 drivers
v0x5f90cc805fd0_0 .net *"_ivl_62", 0 0, L_0x5f90cc80d290;  1 drivers
v0x5f90cc8060b0_0 .net *"_ivl_64", 0 0, L_0x5f90cc80cf40;  1 drivers
v0x5f90cc806190_0 .net *"_ivl_65", 0 0, L_0x5f90cc80d3e0;  1 drivers
v0x5f90cc806270_0 .net *"_ivl_7", 0 0, L_0x5f90cc80bb90;  1 drivers
v0x5f90cc806350_0 .net *"_ivl_71", 0 0, L_0x5f90cc80d7e0;  1 drivers
v0x5f90cc806430_0 .net *"_ivl_73", 0 0, L_0x5f90cc80d990;  1 drivers
v0x5f90cc806510_0 .net *"_ivl_75", 0 0, L_0x5f90cc80db00;  1 drivers
v0x5f90cc806800_0 .net *"_ivl_76", 0 0, L_0x5f90cc80dba0;  1 drivers
v0x5f90cc8068e0_0 .net *"_ivl_9", 0 0, L_0x5f90cc80bc90;  1 drivers
v0x5f90cc8069c0_0 .net "c", 4 0, L_0x5f90cc80d540;  1 drivers
L_0x5f90cc80bb90 .part L_0x5f90cc80e180, 0, 1;
L_0x5f90cc80bc90 .part L_0x5f90cc80d540, 0, 1;
L_0x5f90cc80be60 .part L_0x5f90cc80e180, 0, 1;
L_0x5f90cc80bf50 .part L_0x5f90cc80d540, 0, 1;
L_0x5f90cc80c070 .part L_0x5f90cc80df00, 0, 1;
L_0x5f90cc80c110 .functor MUXZ 1, L_0x5f90cc80c070, L_0x5f90cc80bf50, L_0x5f90cc80be60, C4<>;
L_0x5f90cc80c2e0 .part L_0x5f90cc80e180, 1, 1;
L_0x5f90cc80c380 .part L_0x5f90cc80d540, 1, 1;
L_0x5f90cc80c510 .part L_0x5f90cc80e180, 1, 1;
L_0x5f90cc80c5b0 .part L_0x5f90cc80d540, 1, 1;
L_0x5f90cc80c740 .part L_0x5f90cc80df00, 1, 1;
L_0x5f90cc80c810 .functor MUXZ 1, L_0x5f90cc80c740, L_0x5f90cc80c5b0, L_0x5f90cc80c510, C4<>;
L_0x5f90cc80c970 .part L_0x5f90cc80e180, 2, 1;
L_0x5f90cc80ca10 .part L_0x5f90cc80d540, 2, 1;
L_0x5f90cc80cc00 .part L_0x5f90cc80e180, 2, 1;
L_0x5f90cc80cca0 .part L_0x5f90cc80d540, 2, 1;
L_0x5f90cc80cdd0 .part L_0x5f90cc80df00, 2, 1;
L_0x5f90cc80cea0 .functor MUXZ 1, L_0x5f90cc80cdd0, L_0x5f90cc80cca0, L_0x5f90cc80cc00, C4<>;
L_0x5f90cc80d100 .concat8 [ 1 1 1 1], L_0x5f90cc7e5540, L_0x5f90cc7e4b80, L_0x5f90cc80c8b0, L_0x5f90cc80d3e0;
L_0x5f90cc80d290 .part L_0x5f90cc80e180, 3, 1;
L_0x5f90cc80cf40 .part L_0x5f90cc80d540, 3, 1;
LS_0x5f90cc80d540_0_0 .concat8 [ 1 1 1 1], L_0x5f90cc7e83f0, L_0x5f90cc80c110, L_0x5f90cc80c810, L_0x5f90cc80cea0;
LS_0x5f90cc80d540_0_4 .concat8 [ 1 0 0 0], L_0x5f90cc80dba0;
L_0x5f90cc80d540 .concat8 [ 4 1 0 0], LS_0x5f90cc80d540_0_0, LS_0x5f90cc80d540_0_4;
L_0x5f90cc80d7e0 .part L_0x5f90cc80e180, 3, 1;
L_0x5f90cc80d990 .part L_0x5f90cc80d540, 3, 1;
L_0x5f90cc80db00 .part L_0x5f90cc80df00, 3, 1;
L_0x5f90cc80dba0 .functor MUXZ 1, L_0x5f90cc80db00, L_0x5f90cc80d990, L_0x5f90cc80d7e0, C4<>;
L_0x5f90cc80de10 .part L_0x5f90cc80d540, 1, 4;
S_0x5f90cc806b60 .scope module, "c1" "CARRY4" 4 19, 5 1 0, S_0x5f90cc7e33c0;
 .timescale 0 0;
    .port_info 0 /OUTPUT 4 "CO";
    .port_info 1 /OUTPUT 4 "O";
    .port_info 2 /INPUT 4 "DI";
    .port_info 3 /INPUT 4 "S";
    .port_info 4 /INPUT 1 "CYINIT";
    .port_info 5 /INPUT 1 "CI";
L_0x7e9ca8ece0a8 .functor BUFT 1, C4<0>, C4<0>, C4<0>, C4<0>;
L_0x5f90cc80e2e0 .functor OR 1, L_0x7e9ca8ece0a8, L_0x5f90cc810ab0, C4<0>, C4<0>;
L_0x5f90cc80e490 .functor XOR 1, L_0x5f90cc80e350, L_0x5f90cc80e3f0, C4<0>, C4<0>;
L_0x5f90cc80eb80 .functor XOR 1, L_0x5f90cc80e9f0, L_0x5f90cc80ea90, C4<0>, C4<0>;
L_0x5f90cc80ef70 .functor XOR 1, L_0x5f90cc80f030, L_0x5f90cc80f0d0, C4<0>, C4<0>;
L_0x5f90cc80fa10 .functor XOR 1, L_0x5f90cc80f8c0, L_0x5f90cc80f5a0, C4<0>, C4<0>;
v0x5f90cc806db0_0 .net "CI", 0 0, L_0x5f90cc810ab0;  1 drivers
v0x5f90cc806e70_0 .net "CO", 3 0, L_0x5f90cc810550;  alias, 1 drivers
v0x5f90cc806f50_0 .net "CYINIT", 0 0, L_0x7e9ca8ece0a8;  1 drivers
v0x5f90cc806ff0_0 .net "DI", 3 0, L_0x5f90cc810780;  1 drivers
v0x5f90cc8070d0_0 .net "O", 3 0, L_0x5f90cc80f730;  1 drivers
v0x5f90cc807200_0 .net "S", 3 0, L_0x5f90cc8109a0;  1 drivers
v0x5f90cc8072e0_0 .net *"_ivl_10", 0 0, L_0x5f90cc80e490;  1 drivers
v0x5f90cc8073c0_0 .net *"_ivl_15", 0 0, L_0x5f90cc80e5a0;  1 drivers
v0x5f90cc8074a0_0 .net *"_ivl_17", 0 0, L_0x5f90cc80e690;  1 drivers
v0x5f90cc807580_0 .net *"_ivl_19", 0 0, L_0x5f90cc80e780;  1 drivers
v0x5f90cc807660_0 .net *"_ivl_2", 0 0, L_0x5f90cc80e2e0;  1 drivers
v0x5f90cc807740_0 .net *"_ivl_20", 0 0, L_0x5f90cc80e820;  1 drivers
v0x5f90cc807820_0 .net *"_ivl_25", 0 0, L_0x5f90cc80e9f0;  1 drivers
v0x5f90cc807900_0 .net *"_ivl_27", 0 0, L_0x5f90cc80ea90;  1 drivers
v0x5f90cc8079e0_0 .net *"_ivl_28", 0 0, L_0x5f90cc80eb80;  1 drivers
v0x5f90cc807ac0_0 .net *"_ivl_33", 0 0, L_0x5f90cc80ec90;  1 drivers
v0x5f90cc807ba0_0 .net *"_ivl_35", 0 0, L_0x5f90cc80ed30;  1 drivers
v0x5f90cc807c80_0 .net *"_ivl_37", 0 0, L_0x5f90cc80ee30;  1 drivers
v0x5f90cc807d60_0 .net *"_ivl_38", 0 0, L_0x5f90cc80eed0;  1 drivers
v0x5f90cc807e40_0 .net *"_ivl_43", 0 0, L_0x5f90cc80f030;  1 drivers
v0x5f90cc807f20_0 .net *"_ivl_45", 0 0, L_0x5f90cc80f0d0;  1 drivers
v0x5f90cc808000_0 .net *"_ivl_46", 0 0, L_0x5f90cc80ef70;  1 drivers
v0x5f90cc8080e0_0 .net *"_ivl_51", 0 0, L_0x5f90cc80f290;  1 drivers
v0x5f90cc8081c0_0 .net *"_ivl_53", 0 0, L_0x5f90cc80f330;  1 drivers
v0x5f90cc8082a0_0 .net *"_ivl_55", 0 0, L_0x5f90cc80f460;  1 drivers
v0x5f90cc808380_0 .net *"_ivl_56", 0 0, L_0x5f90cc80f500;  1 drivers
v0x5f90cc808460_0 .net *"_ivl_62", 0 0, L_0x5f90cc80f8c0;  1 drivers
v0x5f90cc808540_0 .net *"_ivl_64", 0 0, L_0x5f90cc80f5a0;  1 drivers
v0x5f90cc808620_0 .net *"_ivl_65", 0 0, L_0x5f90cc80fa10;  1 drivers
v0x5f90cc808700_0 .net *"_ivl_7", 0 0, L_0x5f90cc80e350;  1 drivers
v0x5f90cc8087e0_0 .net *"_ivl_71", 0 0, L_0x5f90cc80ff20;  1 drivers
v0x5f90cc8088c0_0 .net *"_ivl_73", 0 0, L_0x5f90cc8100d0;  1 drivers
v0x5f90cc8089a0_0 .net *"_ivl_75", 0 0, L_0x5f90cc810240;  1 drivers
v0x5f90cc808c90_0 .net *"_ivl_76", 0 0, L_0x5f90cc8102e0;  1 drivers
v0x5f90cc808d70_0 .net *"_ivl_9", 0 0, L_0x5f90cc80e3f0;  1 drivers
v0x5f90cc808e50_0 .net "c", 4 0, L_0x5f90cc80fb70;  1 drivers
L_0x5f90cc80e350 .part L_0x5f90cc8109a0, 0, 1;
L_0x5f90cc80e3f0 .part L_0x5f90cc80fb70, 0, 1;
L_0x5f90cc80e5a0 .part L_0x5f90cc8109a0, 0, 1;
L_0x5f90cc80e690 .part L_0x5f90cc80fb70, 0, 1;
L_0x5f90cc80e780 .part L_0x5f90cc810780, 0, 1;
L_0x5f90cc80e820 .functor MUXZ 1, L_0x5f90cc80e780, L_0x5f90cc80e690, L_0x5f90cc80e5a0, C4<>;
L_0x5f90cc80e9f0 .part L_0x5f90cc8109a0, 1, 1;
L_0x5f90cc80ea90 .part L_0x5f90cc80fb70, 1, 1;
L_0x5f90cc80ec90 .part L_0x5f90cc8109a0, 1, 1;
L_0x5f90cc80ed30 .part L_0x5f90cc80fb70, 1, 1;
L_0x5f90cc80ee30 .part L_0x5f90cc810780, 1, 1;
L_0x5f90cc80eed0 .functor MUXZ 1, L_0x5f90cc80ee30, L_0x5f90cc80ed30, L_0x5f90cc80ec90, C4<>;
L_0x5f90cc80f030 .part L_0x5f90cc8109a0, 2, 1;
L_0x5f90cc80f0d0 .part L_0x5f90cc80fb70, 2, 1;
L_0x5f90cc80f290 .part L_0x5f90cc8109a0, 2, 1;
L_0x5f90cc80f330 .part L_0x5f90cc80fb70, 2, 1;
L_0x5f90cc80f460 .part L_0x5f90cc810780, 2, 1;
L_0x5f90cc80f500 .functor MUXZ 1, L_0x5f90cc80f460, L_0x5f90cc80f330, L_0x5f90cc80f290, C4<>;
L_0x5f90cc80f730 .concat8 [ 1 1 1 1], L_0x5f90cc80e490, L_0x5f90cc80eb80, L_0x5f90cc80ef70, L_0x5f90cc80fa10;
L_0x5f90cc80f8c0 .part L_0x5f90cc8109a0, 3, 1;
L_0x5f90cc80f5a0 .part L_0x5f90cc80fb70, 3, 1;
LS_0x5f90cc80fb70_0_0 .concat8 [ 1 1 1 1], L_0x5f90cc80e2e0, L_0x5f90cc80e820, L_0x5f90cc80eed0, L_0x5f90cc80f500;
LS_0x5f90cc80fb70_0_4 .concat8 [ 1 0 0 0], L_0x5f90cc8102e0;
L_0x5f90cc80fb70 .concat8 [ 4 1 0 0], LS_0x5f90cc80fb70_0_0, LS_0x5f90cc80fb70_0_4;
L_0x5f90cc80ff20 .part L_0x5f90cc8109a0, 3, 1;
L_0x5f90cc8100d0 .part L_0x5f90cc80fb70, 3, 1;
L_0x5f90cc810240 .part L_0x5f90cc810780, 3, 1;
L_0x5f90cc8102e0 .functor MUXZ 1, L_0x5f90cc810240, L_0x5f90cc8100d0, L_0x5f90cc80ff20, C4<>;
L_0x5f90cc810550 .part L_0x5f90cc80fb70, 1, 4;
S_0x5f90cc808ff0 .scope module, "dsp" "DSP48E2" 4 25, 5 23 0, S_0x5f90cc7e33c0;
 .timescale 0 0;
    .port_info 0 /OUTPUT 48 "P";
    .port_info 1 /INPUT 1 "CLK";
    .port_info 2 /INPUT 1 "USE_PRE";
    .port_info 3 /INPUT 27 "A";
    .port_info 4 /INPUT 18 "B";
    .port_info 5 /INPUT 48 "C";
    .port_info 6 /INPUT 27 "D";
    .port_info 7 /INPUT 2 "STATE";
L_0x5f90cc810bf0 .functor BUFZ 48, v0x5f90cc809900_0, C4<000000000000000000000000000000000000000000000000>, C4<000000000000000000000000000000000000000000000000>, C4<000000000000000000000000000000000000000000000000>;
v0x5f90cc8091f0_0 .net "A", 26 0, L_0x5f90cc811210;  1 drivers
v0x5f90cc8092f0_0 .net "B", 17 0, v0x5f90cc80b540_0;  alias, 1 drivers
L_0x7e9ca8ece138 .functor BUFT 1, C4<000000000000000000000000000000000000000000000000>, C4<0>, C4<0>, C4<0>;
v0x5f90cc8093d0_0 .net "C", 47 0, L_0x7e9ca8ece138;  1 drivers
v0x5f90cc809490_0 .net "CLK", 0 0, v0x5f90cc80b480_0;  alias, 1 drivers
L_0x7e9ca8ece180 .functor BUFT 1, C4<000000000000000000000000000>, C4<0>, C4<0>, C4<0>;
v0x5f90cc809550_0 .net "D", 26 0, L_0x7e9ca8ece180;  1 drivers
v0x5f90cc809680_0 .net "P", 47 0, L_0x5f90cc810bf0;  alias, 1 drivers
L_0x7e9ca8ece1c8 .functor BUFT 1, C4<00>, C4<0>, C4<0>, C4<0>;
v0x5f90cc809760_0 .net "STATE", 1 0, L_0x7e9ca8ece1c8;  1 drivers
L_0x7e9ca8ece0f0 .functor BUFT 1, C4<0>, C4<0>, C4<0>, C4<0>;
v0x5f90cc809840_0 .net "USE_PRE", 0 0, L_0x7e9ca8ece0f0;  1 drivers
v0x5f90cc809900_0 .var "preg", 47 0;
E_0x5f90cc7c33f0 .event posedge, v0x5f90cc809490_0;
S_0x5f90cc809ae0 .scope module, "srl" "SRLC32E" 4 39, 5 40 0, S_0x5f90cc7e33c0;
 .timescale 0 0;
    .port_info 0 /OUTPUT 1 "Q";
    .port_info 1 /OUTPUT 1 "Q31";
    .port_info 2 /INPUT 1 "CLK";
    .port_info 3 /INPUT 1 "CE";
    .port_info 4 /INPUT 1 "D";
    .port_info 5 /INPUT 5 "A";
v0x5f90cc809d10_0 .net "A", 4 0, v0x5f90cc80ba40_0;  alias, 1 drivers
L_0x7e9ca8ece210 .functor BUFT 1, C4<1>, C4<0>, C4<0>, C4<0>;
v0x5f90cc809e10_0 .net "CE", 0 0, L_0x7e9ca8ece210;  1 drivers
v0x5f90cc809ed0_0 .net "CLK", 0 0, v0x5f90cc80b480_0;  alias, 1 drivers
v0x5f90cc809f70_0 .net "D", 0 0, L_0x5f90cc8212c0;  alias, 1 drivers
v0x5f90cc80a010_0 .net "Q", 0 0, L_0x5f90cc821470;  alias, 1 drivers
v0x5f90cc80a100_0 .net "Q31", 0 0, L_0x5f90cc8213d0;  1 drivers
v0x5f90cc80a1c0_0 .var "shift_reg", 31 0;
L_0x5f90cc8213d0 .part v0x5f90cc80a1c0_0, 31, 1;
L_0x5f90cc821470 .part/v v0x5f90cc80a1c0_0, v0x5f90cc80ba40_0, 1;
    .scope S_0x5f90cc808ff0;
T_0 ;
    %wait E_0x5f90cc7c33f0;
    %load/vec4 v0x5f90cc8093d0_0;
    %load/vec4 v0x5f90cc8091f0_0;
    %pad/u 48;
    %load/vec4 v0x5f90cc8092f0_0;
    %pad/u 48;
    %mul;
    %add;
    %assign/vec4 v0x5f90cc809900_0, 0;
    %jmp T_0;
    .thread T_0;
    .scope S_0x5f90cc809ae0;
T_1 ;
    %wait E_0x5f90cc7c33f0;
    %load/vec4 v0x5f90cc809e10_0;
    %flag_set/vec4 8;
    %jmp/0xz  T_1.0, 8;
    %load/vec4 v0x5f90cc80a1c0_0;
    %parti/s 31, 0, 2;
    %load/vec4 v0x5f90cc809f70_0;
    %concat/vec4; draw_concat_vec4
    %assign/vec4 v0x5f90cc80a1c0_0, 0;
T_1.0 ;
    %jmp T_1;
    .thread T_1;
    .scope S_0x5f90cc7e33c0;
T_2 ;
    %wait E_0x5f90cc7c33f0;
    %load/vec4 v0x5f90cc80aed0_0;
    %assign/vec4 v0x5f90cc80afc0_0, 0;
    %jmp T_2;
    .thread T_2;
    .scope S_0x5f90cc7e3700;
T_3 ;
    %delay 5000, 0;
    %load/vec4 v0x5f90cc80b480_0;
    %inv;
    %store/vec4 v0x5f90cc80b480_0, 0, 1;
    %jmp T_3;
    .thread T_3;
    .scope S_0x5f90cc7e3700;
T_4 ;
    %vpi_call/w 3 26 "$dumpfile", "verif/sim_out/signal_processor_stim.vcd" {0 0 0};
    %vpi_call/w 3 27 "$dumpvars", 32'sb00000000000000000000000000000000, S_0x5f90cc7e33c0 {0 0 0};
    %pushi/vec4 0, 0, 1;
    %store/vec4 v0x5f90cc80b480_0, 0, 1;
    %pushi/vec4 0, 0, 8;
    %store/vec4 v0x5f90cc80b6c0_0, 0, 8;
    %pushi/vec4 0, 0, 8;
    %store/vec4 v0x5f90cc80b7b0_0, 0, 8;
    %pushi/vec4 0, 0, 18;
    %store/vec4 v0x5f90cc80b540_0, 0, 18;
    %pushi/vec4 0, 0, 5;
    %store/vec4 v0x5f90cc80ba40_0, 0, 5;
    %pushi/vec4 0, 0, 32;
    %store/vec4 v0x5f90cc80b600_0, 0, 32;
T_4.0 ;
    %load/vec4 v0x5f90cc80b600_0;
    %cmpi/s 64, 0, 32;
    %jmp/0xz T_4.1, 5;
    %wait E_0x5f90cc7c2e90;
    %vpi_func 3 37 "$random" 32 {0 0 0};
    %pad/s 8;
    %store/vec4 v0x5f90cc80b6c0_0, 0, 8;
    %vpi_func 3 38 "$random" 32 {0 0 0};
    %pad/s 8;
    %store/vec4 v0x5f90cc80b7b0_0, 0, 8;
    %vpi_func 3 39 "$random" 32 {0 0 0};
    %pad/s 18;
    %store/vec4 v0x5f90cc80b540_0, 0, 18;
    %load/vec4 v0x5f90cc80b600_0;
    %pushi/vec4 32, 0, 32;
    %mod/s;
    %pad/s 5;
    %store/vec4 v0x5f90cc80ba40_0, 0, 5;
    %load/vec4 v0x5f90cc80b600_0;
    %addi 1, 0, 32;
    %store/vec4 v0x5f90cc80b600_0, 0, 32;
    %jmp T_4.0;
T_4.1 ;
    %wait E_0x5f90cc7c33f0;
    %vpi_call/w 3 44 "$finish" {0 0 0};
    %end;
    .thread T_4;
# The file index is used to find the file name in the following table.
:file_names 6;
    "N/A";
    "<interactive>";
    "-";
    "/home/pratham_sharma/gem/benchmark/tb_signal_processor_stim.sv";
    "/home/pratham_sharma/gem/test3/signal_processor.sv";
    "/home/pratham_sharma/gem/test3/macros_behavioral.sv";
