#! /usr/bin/vvp
:ivl_version "12.0 (stable)";
:ivl_delay_selection "TYPICAL";
:vpi_time_precision - 12;
:vpi_module "/usr/lib/x86_64-linux-gnu/ivl/system.vpi";
:vpi_module "/usr/lib/x86_64-linux-gnu/ivl/vhdl_sys.vpi";
:vpi_module "/usr/lib/x86_64-linux-gnu/ivl/vhdl_textio.vpi";
:vpi_module "/usr/lib/x86_64-linux-gnu/ivl/v2005_math.vpi";
:vpi_module "/usr/lib/x86_64-linux-gnu/ivl/va_math.vpi";
S_0x579af93bc1b0 .scope module, "tb_ram_sync" "tb_ram_sync" 2 7;
 .timescale -9 -12;
v0x579af93e42d0_0 .var "clk", 0 0;
v0x579af93e4390_0 .var/i "errors", 31 0;
v0x579af93e4470_0 .var/i "i", 31 0;
v0x579af93e4530_0 .var "raddr", 12 0;
v0x579af93e4640_0 .net "rdata", 31 0, v0x579af93e35a0_0;  1 drivers
v0x579af93e47a0_0 .var "re", 0 0;
v0x579af93e4890_0 .var "waddr", 12 0;
v0x579af93e49a0_0 .var "wbyte_en", 3 0;
v0x579af93e4ab0_0 .var "wdata", 31 0;
v0x579af93e4b70_0 .var "we", 0 0;
S_0x579af93bc340 .scope task, "do_read_check" "do_read_check" 2 47, 2 47 0, S_0x579af93bc1b0;
 .timescale -9 -12;
v0x579af93a91d0_0 .var "a", 12 0;
v0x579af93a71a0_0 .var "expected", 31 0;
E_0x579af93b5500 .event negedge, v0x579af93e3340_0;
TD_tb_ram_sync.do_read_check ;
    %wait E_0x579af93b5500;
    %pushi/vec4 1, 0, 1;
    %store/vec4 v0x579af93e47a0_0, 0, 1;
    %load/vec4 v0x579af93a91d0_0;
    %store/vec4 v0x579af93e4530_0, 0, 13;
    %wait E_0x579af93b5500;
    %pushi/vec4 0, 0, 1;
    %store/vec4 v0x579af93e47a0_0, 0, 1;
    %load/vec4 v0x579af93e4640_0;
    %load/vec4 v0x579af93a71a0_0;
    %cmp/ne;
    %jmp/0xz  T_0.0, 6;
    %vpi_call 2 55 "$display", "FAIL: addr=%0d expected=%h got=%h", v0x579af93a91d0_0, v0x579af93a71a0_0, v0x579af93e4640_0 {0 0 0};
    %load/vec4 v0x579af93e4390_0;
    %addi 1, 0, 32;
    %store/vec4 v0x579af93e4390_0, 0, 32;
    %jmp T_0.1;
T_0.0 ;
    %vpi_call 2 58 "$display", "PASS: addr=%0d data=%h", v0x579af93a91d0_0, v0x579af93e4640_0 {0 0 0};
T_0.1 ;
    %end;
S_0x579af93e2a60 .scope task, "do_write" "do_write" 2 35, 2 35 0, S_0x579af93bc1b0;
 .timescale -9 -12;
v0x579af93a7790_0 .var "a", 12 0;
v0x579af93a5800_0 .var "be", 3 0;
v0x579af93e2c90_0 .var "d", 31 0;
TD_tb_ram_sync.do_write ;
    %wait E_0x579af93b5500;
    %pushi/vec4 1, 0, 1;
    %store/vec4 v0x579af93e4b70_0, 0, 1;
    %load/vec4 v0x579af93a5800_0;
    %store/vec4 v0x579af93e49a0_0, 0, 4;
    %load/vec4 v0x579af93a7790_0;
    %store/vec4 v0x579af93e4890_0, 0, 13;
    %load/vec4 v0x579af93e2c90_0;
    %store/vec4 v0x579af93e4ab0_0, 0, 32;
    %wait E_0x579af93b5500;
    %pushi/vec4 0, 0, 1;
    %store/vec4 v0x579af93e4b70_0, 0, 1;
    %end;
S_0x579af93e2d50 .scope module, "dut" "top" 2 21, 3 36 0, S_0x579af93bc1b0;
 .timescale 0 0;
    .port_info 0 /INPUT 1 "clk";
    .port_info 1 /INPUT 1 "we";
    .port_info 2 /INPUT 4 "wbyte_en";
    .port_info 3 /INPUT 13 "waddr";
    .port_info 4 /INPUT 32 "wdata";
    .port_info 5 /INPUT 1 "re";
    .port_info 6 /INPUT 13 "raddr";
    .port_info 7 /OUTPUT 32 "rdata";
v0x579af93e3bf0_0 .net "clk", 0 0, v0x579af93e42d0_0;  1 drivers
v0x579af93e3cb0_0 .net "raddr", 12 0, v0x579af93e4530_0;  1 drivers
v0x579af93e3d50_0 .net "rdata", 31 0, v0x579af93e35a0_0;  alias, 1 drivers
v0x579af93e3e20_0 .net "re", 0 0, v0x579af93e47a0_0;  1 drivers
v0x579af93e3ef0_0 .net "waddr", 12 0, v0x579af93e4890_0;  1 drivers
v0x579af93e3f90_0 .net "wbyte_en", 3 0, v0x579af93e49a0_0;  1 drivers
v0x579af93e4060_0 .net "wdata", 31 0, v0x579af93e4ab0_0;  1 drivers
v0x579af93e4130_0 .net "we", 0 0, v0x579af93e4b70_0;  1 drivers
S_0x579af93e3000 .scope module, "u_ram" "ram_sync" 3 47, 3 6 0, S_0x579af93e2d50;
 .timescale 0 0;
    .port_info 0 /INPUT 1 "clk";
    .port_info 1 /INPUT 1 "we";
    .port_info 2 /INPUT 4 "wbyte_en";
    .port_info 3 /INPUT 13 "waddr";
    .port_info 4 /INPUT 32 "wdata";
    .port_info 5 /INPUT 1 "re";
    .port_info 6 /INPUT 13 "raddr";
    .port_info 7 /OUTPUT 32 "rdata";
v0x579af93e3340_0 .net "clk", 0 0, v0x579af93e42d0_0;  alias, 1 drivers
v0x579af93e3420 .array "mem", 8191 0, 31 0;
v0x579af93e34e0_0 .net "raddr", 12 0, v0x579af93e4530_0;  alias, 1 drivers
v0x579af93e35a0_0 .var "rdata", 31 0;
v0x579af93e3680_0 .net "re", 0 0, v0x579af93e47a0_0;  alias, 1 drivers
v0x579af93e3790_0 .net "waddr", 12 0, v0x579af93e4890_0;  alias, 1 drivers
v0x579af93e3870_0 .net "wbyte_en", 3 0, v0x579af93e49a0_0;  alias, 1 drivers
v0x579af93e3950_0 .net "wdata", 31 0, v0x579af93e4ab0_0;  alias, 1 drivers
v0x579af93e3a30_0 .net "we", 0 0, v0x579af93e4b70_0;  alias, 1 drivers
E_0x579af937cf70 .event posedge, v0x579af93e3340_0;
    .scope S_0x579af93e3000;
T_2 ;
    %wait E_0x579af937cf70;
    %load/vec4 v0x579af93e3a30_0;
    %flag_set/vec4 8;
    %jmp/0xz  T_2.0, 8;
    %load/vec4 v0x579af93e3870_0;
    %parti/s 1, 0, 2;
    %flag_set/vec4 8;
    %jmp/0xz  T_2.2, 8;
    %load/vec4 v0x579af93e3950_0;
    %parti/s 8, 0, 2;
    %load/vec4 v0x579af93e3790_0;
    %pad/u 15;
    %ix/vec4 3;
    %ix/load 4, 0, 0; Constant delay
    %assign/vec4/a/d v0x579af93e3420, 0, 4;
T_2.2 ;
    %load/vec4 v0x579af93e3870_0;
    %parti/s 1, 1, 2;
    %flag_set/vec4 8;
    %jmp/0xz  T_2.4, 8;
    %load/vec4 v0x579af93e3950_0;
    %parti/s 8, 8, 5;
    %load/vec4 v0x579af93e3790_0;
    %pad/u 15;
    %ix/vec4 3;
    %ix/load 4, 8, 0; part off
    %ix/load 5, 0, 0; Constant delay
    %assign/vec4/a/d v0x579af93e3420, 4, 5;
T_2.4 ;
    %load/vec4 v0x579af93e3870_0;
    %parti/s 1, 2, 3;
    %flag_set/vec4 8;
    %jmp/0xz  T_2.6, 8;
    %load/vec4 v0x579af93e3950_0;
    %parti/s 8, 16, 6;
    %load/vec4 v0x579af93e3790_0;
    %pad/u 15;
    %ix/vec4 3;
    %ix/load 4, 16, 0; part off
    %ix/load 5, 0, 0; Constant delay
    %assign/vec4/a/d v0x579af93e3420, 4, 5;
T_2.6 ;
    %load/vec4 v0x579af93e3870_0;
    %parti/s 1, 3, 3;
    %flag_set/vec4 8;
    %jmp/0xz  T_2.8, 8;
    %load/vec4 v0x579af93e3950_0;
    %parti/s 8, 24, 6;
    %load/vec4 v0x579af93e3790_0;
    %pad/u 15;
    %ix/vec4 3;
    %ix/load 4, 24, 0; part off
    %ix/load 5, 0, 0; Constant delay
    %assign/vec4/a/d v0x579af93e3420, 4, 5;
T_2.8 ;
T_2.0 ;
    %jmp T_2;
    .thread T_2;
    .scope S_0x579af93e3000;
T_3 ;
    %wait E_0x579af937cf70;
    %load/vec4 v0x579af93e3680_0;
    %flag_set/vec4 8;
    %jmp/0xz  T_3.0, 8;
    %load/vec4 v0x579af93e34e0_0;
    %pad/u 15;
    %ix/vec4 4;
    %load/vec4a v0x579af93e3420, 4;
    %assign/vec4 v0x579af93e35a0_0, 0;
T_3.0 ;
    %jmp T_3;
    .thread T_3;
    .scope S_0x579af93bc1b0;
T_4 ;
    %pushi/vec4 0, 0, 32;
    %store/vec4 v0x579af93e4390_0, 0, 32;
    %end;
    .thread T_4;
    .scope S_0x579af93bc1b0;
T_5 ;
    %delay 5000, 0;
    %load/vec4 v0x579af93e42d0_0;
    %inv;
    %store/vec4 v0x579af93e42d0_0, 0, 1;
    %jmp T_5;
    .thread T_5;
    .scope S_0x579af93bc1b0;
T_6 ;
    %pushi/vec4 0, 0, 1;
    %store/vec4 v0x579af93e42d0_0, 0, 1;
    %pushi/vec4 0, 0, 1;
    %store/vec4 v0x579af93e4b70_0, 0, 1;
    %pushi/vec4 0, 0, 4;
    %store/vec4 v0x579af93e49a0_0, 0, 4;
    %pushi/vec4 0, 0, 13;
    %store/vec4 v0x579af93e4890_0, 0, 13;
    %pushi/vec4 0, 0, 32;
    %store/vec4 v0x579af93e4ab0_0, 0, 32;
    %pushi/vec4 0, 0, 1;
    %store/vec4 v0x579af93e47a0_0, 0, 1;
    %pushi/vec4 0, 0, 13;
    %store/vec4 v0x579af93e4530_0, 0, 13;
    %pushi/vec4 10, 0, 13;
    %store/vec4 v0x579af93a7790_0, 0, 13;
    %pushi/vec4 3735928559, 0, 32;
    %store/vec4 v0x579af93e2c90_0, 0, 32;
    %pushi/vec4 15, 0, 4;
    %store/vec4 v0x579af93a5800_0, 0, 4;
    %fork TD_tb_ram_sync.do_write, S_0x579af93e2a60;
    %join;
    %pushi/vec4 10, 0, 13;
    %store/vec4 v0x579af93a91d0_0, 0, 13;
    %pushi/vec4 3735928559, 0, 32;
    %store/vec4 v0x579af93a71a0_0, 0, 32;
    %fork TD_tb_ram_sync.do_read_check, S_0x579af93bc340;
    %join;
    %pushi/vec4 20, 0, 13;
    %store/vec4 v0x579af93a7790_0, 0, 13;
    %pushi/vec4 305419896, 0, 32;
    %store/vec4 v0x579af93e2c90_0, 0, 32;
    %pushi/vec4 15, 0, 4;
    %store/vec4 v0x579af93a5800_0, 0, 4;
    %fork TD_tb_ram_sync.do_write, S_0x579af93e2a60;
    %join;
    %pushi/vec4 20, 0, 13;
    %store/vec4 v0x579af93a91d0_0, 0, 13;
    %pushi/vec4 305419896, 0, 32;
    %store/vec4 v0x579af93a71a0_0, 0, 32;
    %fork TD_tb_ram_sync.do_read_check, S_0x579af93bc340;
    %join;
    %pushi/vec4 10, 0, 13;
    %store/vec4 v0x579af93a91d0_0, 0, 13;
    %pushi/vec4 3735928559, 0, 32;
    %store/vec4 v0x579af93a71a0_0, 0, 32;
    %fork TD_tb_ram_sync.do_read_check, S_0x579af93bc340;
    %join;
    %pushi/vec4 10, 0, 13;
    %store/vec4 v0x579af93a7790_0, 0, 13;
    %pushi/vec4 170, 0, 32;
    %store/vec4 v0x579af93e2c90_0, 0, 32;
    %pushi/vec4 1, 0, 4;
    %store/vec4 v0x579af93a5800_0, 0, 4;
    %fork TD_tb_ram_sync.do_write, S_0x579af93e2a60;
    %join;
    %pushi/vec4 10, 0, 13;
    %store/vec4 v0x579af93a91d0_0, 0, 13;
    %pushi/vec4 3735928490, 0, 32;
    %store/vec4 v0x579af93a71a0_0, 0, 32;
    %fork TD_tb_ram_sync.do_read_check, S_0x579af93bc340;
    %join;
    %pushi/vec4 10, 0, 13;
    %store/vec4 v0x579af93a7790_0, 0, 13;
    %pushi/vec4 4278190080, 0, 32;
    %store/vec4 v0x579af93e2c90_0, 0, 32;
    %pushi/vec4 8, 0, 4;
    %store/vec4 v0x579af93a5800_0, 0, 4;
    %fork TD_tb_ram_sync.do_write, S_0x579af93e2a60;
    %join;
    %pushi/vec4 10, 0, 13;
    %store/vec4 v0x579af93a91d0_0, 0, 13;
    %pushi/vec4 4289576618, 0, 32;
    %store/vec4 v0x579af93a71a0_0, 0, 32;
    %fork TD_tb_ram_sync.do_read_check, S_0x579af93bc340;
    %join;
    %pushi/vec4 0, 0, 32;
    %store/vec4 v0x579af93e4470_0, 0, 32;
T_6.0 ;
    %load/vec4 v0x579af93e4470_0;
    %cmpi/s 8, 0, 32;
    %jmp/0xz T_6.1, 5;
    %load/vec4 v0x579af93e4470_0;
    %pad/s 13;
    %store/vec4 v0x579af93a7790_0, 0, 13;
    %pushi/vec4 2684354560, 0, 32;
    %load/vec4 v0x579af93e4470_0;
    %add;
    %store/vec4 v0x579af93e2c90_0, 0, 32;
    %pushi/vec4 15, 0, 4;
    %store/vec4 v0x579af93a5800_0, 0, 4;
    %fork TD_tb_ram_sync.do_write, S_0x579af93e2a60;
    %join;
    %load/vec4 v0x579af93e4470_0;
    %addi 1, 0, 32;
    %store/vec4 v0x579af93e4470_0, 0, 32;
    %jmp T_6.0;
T_6.1 ;
    %pushi/vec4 0, 0, 32;
    %store/vec4 v0x579af93e4470_0, 0, 32;
T_6.2 ;
    %load/vec4 v0x579af93e4470_0;
    %cmpi/s 8, 0, 32;
    %jmp/0xz T_6.3, 5;
    %load/vec4 v0x579af93e4470_0;
    %pad/s 13;
    %store/vec4 v0x579af93a91d0_0, 0, 13;
    %pushi/vec4 2684354560, 0, 32;
    %load/vec4 v0x579af93e4470_0;
    %add;
    %store/vec4 v0x579af93a71a0_0, 0, 32;
    %fork TD_tb_ram_sync.do_read_check, S_0x579af93bc340;
    %join;
    %load/vec4 v0x579af93e4470_0;
    %addi 1, 0, 32;
    %store/vec4 v0x579af93e4470_0, 0, 32;
    %jmp T_6.2;
T_6.3 ;
    %pushi/vec4 8191, 0, 13;
    %store/vec4 v0x579af93a7790_0, 0, 13;
    %pushi/vec4 3405705229, 0, 32;
    %store/vec4 v0x579af93e2c90_0, 0, 32;
    %pushi/vec4 15, 0, 4;
    %store/vec4 v0x579af93a5800_0, 0, 4;
    %fork TD_tb_ram_sync.do_write, S_0x579af93e2a60;
    %join;
    %pushi/vec4 8191, 0, 13;
    %store/vec4 v0x579af93a91d0_0, 0, 13;
    %pushi/vec4 3405705229, 0, 32;
    %store/vec4 v0x579af93a71a0_0, 0, 32;
    %fork TD_tb_ram_sync.do_read_check, S_0x579af93bc340;
    %join;
    %load/vec4 v0x579af93e4390_0;
    %cmpi/e 0, 0, 32;
    %jmp/0xz  T_6.4, 4;
    %vpi_call 2 102 "$display", "ALL TESTS PASSED" {0 0 0};
    %jmp T_6.5;
T_6.4 ;
    %vpi_call 2 104 "$display", "%0d TEST(S) FAILED", v0x579af93e4390_0 {0 0 0};
T_6.5 ;
    %vpi_call 2 106 "$finish" {0 0 0};
    %end;
    .thread T_6;
    .scope S_0x579af93bc1b0;
T_7 ;
    %delay 10000000, 0;
    %vpi_call 2 112 "$display", "TIMEOUT" {0 0 0};
    %vpi_call 2 113 "$finish" {0 0 0};
    %end;
    .thread T_7;
# The file index is used to find the file name in the following table.
:file_names 4;
    "N/A";
    "<interactive>";
    "./verif/tb/tb_ram_sync.v";
    "./verif/rtl/test_ram_sync.v";
