#! /usr/bin/vvp
:ivl_version "12.0 (stable)";
:ivl_delay_selection "TYPICAL";
:vpi_time_precision - 12;
:vpi_module "/usr/lib/x86_64-linux-gnu/ivl/system.vpi";
:vpi_module "/usr/lib/x86_64-linux-gnu/ivl/vhdl_sys.vpi";
:vpi_module "/usr/lib/x86_64-linux-gnu/ivl/vhdl_textio.vpi";
:vpi_module "/usr/lib/x86_64-linux-gnu/ivl/v2005_math.vpi";
:vpi_module "/usr/lib/x86_64-linux-gnu/ivl/va_math.vpi";
S_0x558b7b3fd1e0 .scope module, "tb_stimulus" "tb_stimulus" 2 22;
 .timescale -9 -12;
v0x558b7b420460_0 .var "clk", 0 0;
v0x558b7b420520_0 .var/i "i", 31 0;
v0x558b7b420600_0 .var "raddr", 12 0;
v0x558b7b4206f0_0 .net "rdata", 31 0, v0x558b7b41f730_0;  1 drivers
v0x558b7b420800_0 .var "re", 0 0;
v0x558b7b420940_0 .var "waddr", 12 0;
v0x558b7b420a50_0 .var "wbyte_en", 3 0;
v0x558b7b420b60_0 .var "wdata", 31 0;
v0x558b7b420c70_0 .var "we", 0 0;
S_0x558b7b3fd370 .scope task, "do_read" "do_read" 2 60, 2 60 0, S_0x558b7b3fd1e0;
 .timescale -9 -12;
v0x558b7b3e8bd0_0 .var "a", 12 0;
E_0x558b7b3f6500 .event negedge, v0x558b7b41f4d0_0;
TD_tb_stimulus.do_read ;
    %wait E_0x558b7b3f6500;
    %pushi/vec4 1, 0, 1;
    %store/vec4 v0x558b7b420800_0, 0, 1;
    %load/vec4 v0x558b7b3e8bd0_0;
    %store/vec4 v0x558b7b420600_0, 0, 13;
    %wait E_0x558b7b3f6500;
    %pushi/vec4 0, 0, 1;
    %store/vec4 v0x558b7b420800_0, 0, 1;
    %end;
S_0x558b7b41ec90 .scope task, "do_write" "do_write" 2 48, 2 48 0, S_0x558b7b3fd1e0;
 .timescale -9 -12;
v0x558b7b3e6ba0_0 .var "a", 12 0;
v0x558b7b3e71c0_0 .var "be", 3 0;
v0x558b7b3e63c0_0 .var "d", 31 0;
TD_tb_stimulus.do_write ;
    %wait E_0x558b7b3f6500;
    %pushi/vec4 1, 0, 1;
    %store/vec4 v0x558b7b420c70_0, 0, 1;
    %load/vec4 v0x558b7b3e71c0_0;
    %store/vec4 v0x558b7b420a50_0, 0, 4;
    %load/vec4 v0x558b7b3e6ba0_0;
    %store/vec4 v0x558b7b420940_0, 0, 13;
    %load/vec4 v0x558b7b3e63c0_0;
    %store/vec4 v0x558b7b420b60_0, 0, 32;
    %wait E_0x558b7b3f6500;
    %pushi/vec4 0, 0, 1;
    %store/vec4 v0x558b7b420c70_0, 0, 1;
    %end;
S_0x558b7b41eee0 .scope module, "dut" "top" 2 35, 3 36 0, S_0x558b7b3fd1e0;
 .timescale 0 0;
    .port_info 0 /INPUT 1 "clk";
    .port_info 1 /INPUT 1 "we";
    .port_info 2 /INPUT 4 "wbyte_en";
    .port_info 3 /INPUT 13 "waddr";
    .port_info 4 /INPUT 32 "wdata";
    .port_info 5 /INPUT 1 "re";
    .port_info 6 /INPUT 13 "raddr";
    .port_info 7 /OUTPUT 32 "rdata";
v0x558b7b41fd80_0 .net "clk", 0 0, v0x558b7b420460_0;  1 drivers
v0x558b7b41fe40_0 .net "raddr", 12 0, v0x558b7b420600_0;  1 drivers
v0x558b7b41fee0_0 .net "rdata", 31 0, v0x558b7b41f730_0;  alias, 1 drivers
v0x558b7b41ffb0_0 .net "re", 0 0, v0x558b7b420800_0;  1 drivers
v0x558b7b420080_0 .net "waddr", 12 0, v0x558b7b420940_0;  1 drivers
v0x558b7b420120_0 .net "wbyte_en", 3 0, v0x558b7b420a50_0;  1 drivers
v0x558b7b4201f0_0 .net "wdata", 31 0, v0x558b7b420b60_0;  1 drivers
v0x558b7b4202c0_0 .net "we", 0 0, v0x558b7b420c70_0;  1 drivers
S_0x558b7b41f190 .scope module, "u_ram" "ram_sync" 3 47, 3 6 0, S_0x558b7b41eee0;
 .timescale 0 0;
    .port_info 0 /INPUT 1 "clk";
    .port_info 1 /INPUT 1 "we";
    .port_info 2 /INPUT 4 "wbyte_en";
    .port_info 3 /INPUT 13 "waddr";
    .port_info 4 /INPUT 32 "wdata";
    .port_info 5 /INPUT 1 "re";
    .port_info 6 /INPUT 13 "raddr";
    .port_info 7 /OUTPUT 32 "rdata";
v0x558b7b41f4d0_0 .net "clk", 0 0, v0x558b7b420460_0;  alias, 1 drivers
v0x558b7b41f5b0 .array "mem", 8191 0, 31 0;
v0x558b7b41f670_0 .net "raddr", 12 0, v0x558b7b420600_0;  alias, 1 drivers
v0x558b7b41f730_0 .var "rdata", 31 0;
v0x558b7b41f810_0 .net "re", 0 0, v0x558b7b420800_0;  alias, 1 drivers
v0x558b7b41f920_0 .net "waddr", 12 0, v0x558b7b420940_0;  alias, 1 drivers
v0x558b7b41fa00_0 .net "wbyte_en", 3 0, v0x558b7b420a50_0;  alias, 1 drivers
v0x558b7b41fae0_0 .net "wdata", 31 0, v0x558b7b420b60_0;  alias, 1 drivers
v0x558b7b41fbc0_0 .net "we", 0 0, v0x558b7b420c70_0;  alias, 1 drivers
E_0x558b7b3bdf70 .event posedge, v0x558b7b41f4d0_0;
    .scope S_0x558b7b41f190;
T_2 ;
    %wait E_0x558b7b3bdf70;
    %load/vec4 v0x558b7b41fbc0_0;
    %flag_set/vec4 8;
    %jmp/0xz  T_2.0, 8;
    %load/vec4 v0x558b7b41fa00_0;
    %parti/s 1, 0, 2;
    %flag_set/vec4 8;
    %jmp/0xz  T_2.2, 8;
    %load/vec4 v0x558b7b41fae0_0;
    %parti/s 8, 0, 2;
    %load/vec4 v0x558b7b41f920_0;
    %pad/u 15;
    %ix/vec4 3;
    %ix/load 4, 0, 0; Constant delay
    %assign/vec4/a/d v0x558b7b41f5b0, 0, 4;
T_2.2 ;
    %load/vec4 v0x558b7b41fa00_0;
    %parti/s 1, 1, 2;
    %flag_set/vec4 8;
    %jmp/0xz  T_2.4, 8;
    %load/vec4 v0x558b7b41fae0_0;
    %parti/s 8, 8, 5;
    %load/vec4 v0x558b7b41f920_0;
    %pad/u 15;
    %ix/vec4 3;
    %ix/load 4, 8, 0; part off
    %ix/load 5, 0, 0; Constant delay
    %assign/vec4/a/d v0x558b7b41f5b0, 4, 5;
T_2.4 ;
    %load/vec4 v0x558b7b41fa00_0;
    %parti/s 1, 2, 3;
    %flag_set/vec4 8;
    %jmp/0xz  T_2.6, 8;
    %load/vec4 v0x558b7b41fae0_0;
    %parti/s 8, 16, 6;
    %load/vec4 v0x558b7b41f920_0;
    %pad/u 15;
    %ix/vec4 3;
    %ix/load 4, 16, 0; part off
    %ix/load 5, 0, 0; Constant delay
    %assign/vec4/a/d v0x558b7b41f5b0, 4, 5;
T_2.6 ;
    %load/vec4 v0x558b7b41fa00_0;
    %parti/s 1, 3, 3;
    %flag_set/vec4 8;
    %jmp/0xz  T_2.8, 8;
    %load/vec4 v0x558b7b41fae0_0;
    %parti/s 8, 24, 6;
    %load/vec4 v0x558b7b41f920_0;
    %pad/u 15;
    %ix/vec4 3;
    %ix/load 4, 24, 0; part off
    %ix/load 5, 0, 0; Constant delay
    %assign/vec4/a/d v0x558b7b41f5b0, 4, 5;
T_2.8 ;
T_2.0 ;
    %jmp T_2;
    .thread T_2;
    .scope S_0x558b7b41f190;
T_3 ;
    %wait E_0x558b7b3bdf70;
    %load/vec4 v0x558b7b41f810_0;
    %flag_set/vec4 8;
    %jmp/0xz  T_3.0, 8;
    %load/vec4 v0x558b7b41f670_0;
    %pad/u 15;
    %ix/vec4 4;
    %load/vec4a v0x558b7b41f5b0, 4;
    %assign/vec4 v0x558b7b41f730_0, 0;
T_3.0 ;
    %jmp T_3;
    .thread T_3;
    .scope S_0x558b7b3fd1e0;
T_4 ;
    %delay 5000, 0;
    %load/vec4 v0x558b7b420460_0;
    %inv;
    %store/vec4 v0x558b7b420460_0, 0, 1;
    %jmp T_4;
    .thread T_4;
    .scope S_0x558b7b3fd1e0;
T_5 ;
    %pushi/vec4 0, 0, 1;
    %store/vec4 v0x558b7b420460_0, 0, 1;
    %pushi/vec4 0, 0, 1;
    %store/vec4 v0x558b7b420c70_0, 0, 1;
    %pushi/vec4 0, 0, 4;
    %store/vec4 v0x558b7b420a50_0, 0, 4;
    %pushi/vec4 0, 0, 13;
    %store/vec4 v0x558b7b420940_0, 0, 13;
    %pushi/vec4 0, 0, 32;
    %store/vec4 v0x558b7b420b60_0, 0, 32;
    %pushi/vec4 0, 0, 1;
    %store/vec4 v0x558b7b420800_0, 0, 1;
    %pushi/vec4 0, 0, 13;
    %store/vec4 v0x558b7b420600_0, 0, 13;
    %pushi/vec4 10, 0, 13;
    %store/vec4 v0x558b7b3e6ba0_0, 0, 13;
    %pushi/vec4 3735928559, 0, 32;
    %store/vec4 v0x558b7b3e63c0_0, 0, 32;
    %pushi/vec4 15, 0, 4;
    %store/vec4 v0x558b7b3e71c0_0, 0, 4;
    %fork TD_tb_stimulus.do_write, S_0x558b7b41ec90;
    %join;
    %pushi/vec4 10, 0, 13;
    %store/vec4 v0x558b7b3e8bd0_0, 0, 13;
    %fork TD_tb_stimulus.do_read, S_0x558b7b3fd370;
    %join;
    %pushi/vec4 20, 0, 13;
    %store/vec4 v0x558b7b3e6ba0_0, 0, 13;
    %pushi/vec4 305419896, 0, 32;
    %store/vec4 v0x558b7b3e63c0_0, 0, 32;
    %pushi/vec4 15, 0, 4;
    %store/vec4 v0x558b7b3e71c0_0, 0, 4;
    %fork TD_tb_stimulus.do_write, S_0x558b7b41ec90;
    %join;
    %pushi/vec4 20, 0, 13;
    %store/vec4 v0x558b7b3e8bd0_0, 0, 13;
    %fork TD_tb_stimulus.do_read, S_0x558b7b3fd370;
    %join;
    %pushi/vec4 10, 0, 13;
    %store/vec4 v0x558b7b3e8bd0_0, 0, 13;
    %fork TD_tb_stimulus.do_read, S_0x558b7b3fd370;
    %join;
    %pushi/vec4 10, 0, 13;
    %store/vec4 v0x558b7b3e6ba0_0, 0, 13;
    %pushi/vec4 170, 0, 32;
    %store/vec4 v0x558b7b3e63c0_0, 0, 32;
    %pushi/vec4 1, 0, 4;
    %store/vec4 v0x558b7b3e71c0_0, 0, 4;
    %fork TD_tb_stimulus.do_write, S_0x558b7b41ec90;
    %join;
    %pushi/vec4 10, 0, 13;
    %store/vec4 v0x558b7b3e8bd0_0, 0, 13;
    %fork TD_tb_stimulus.do_read, S_0x558b7b3fd370;
    %join;
    %pushi/vec4 10, 0, 13;
    %store/vec4 v0x558b7b3e6ba0_0, 0, 13;
    %pushi/vec4 4278190080, 0, 32;
    %store/vec4 v0x558b7b3e63c0_0, 0, 32;
    %pushi/vec4 8, 0, 4;
    %store/vec4 v0x558b7b3e71c0_0, 0, 4;
    %fork TD_tb_stimulus.do_write, S_0x558b7b41ec90;
    %join;
    %pushi/vec4 10, 0, 13;
    %store/vec4 v0x558b7b3e8bd0_0, 0, 13;
    %fork TD_tb_stimulus.do_read, S_0x558b7b3fd370;
    %join;
    %pushi/vec4 0, 0, 32;
    %store/vec4 v0x558b7b420520_0, 0, 32;
T_5.0 ;
    %load/vec4 v0x558b7b420520_0;
    %cmpi/s 8, 0, 32;
    %jmp/0xz T_5.1, 5;
    %load/vec4 v0x558b7b420520_0;
    %pad/s 13;
    %store/vec4 v0x558b7b3e6ba0_0, 0, 13;
    %pushi/vec4 2684354560, 0, 32;
    %load/vec4 v0x558b7b420520_0;
    %add;
    %store/vec4 v0x558b7b3e63c0_0, 0, 32;
    %pushi/vec4 15, 0, 4;
    %store/vec4 v0x558b7b3e71c0_0, 0, 4;
    %fork TD_tb_stimulus.do_write, S_0x558b7b41ec90;
    %join;
    %load/vec4 v0x558b7b420520_0;
    %addi 1, 0, 32;
    %store/vec4 v0x558b7b420520_0, 0, 32;
    %jmp T_5.0;
T_5.1 ;
    %pushi/vec4 0, 0, 32;
    %store/vec4 v0x558b7b420520_0, 0, 32;
T_5.2 ;
    %load/vec4 v0x558b7b420520_0;
    %cmpi/s 8, 0, 32;
    %jmp/0xz T_5.3, 5;
    %load/vec4 v0x558b7b420520_0;
    %pad/s 13;
    %store/vec4 v0x558b7b3e8bd0_0, 0, 13;
    %fork TD_tb_stimulus.do_read, S_0x558b7b3fd370;
    %join;
    %load/vec4 v0x558b7b420520_0;
    %addi 1, 0, 32;
    %store/vec4 v0x558b7b420520_0, 0, 32;
    %jmp T_5.2;
T_5.3 ;
    %pushi/vec4 8191, 0, 13;
    %store/vec4 v0x558b7b3e6ba0_0, 0, 13;
    %pushi/vec4 3405705229, 0, 32;
    %store/vec4 v0x558b7b3e63c0_0, 0, 32;
    %pushi/vec4 15, 0, 4;
    %store/vec4 v0x558b7b3e71c0_0, 0, 4;
    %fork TD_tb_stimulus.do_write, S_0x558b7b41ec90;
    %join;
    %pushi/vec4 8191, 0, 13;
    %store/vec4 v0x558b7b3e8bd0_0, 0, 13;
    %fork TD_tb_stimulus.do_read, S_0x558b7b3fd370;
    %join;
    %delay 20000, 0;
    %vpi_call 2 102 "$display", "STIMULUS DONE" {0 0 0};
    %vpi_call 2 103 "$finish" {0 0 0};
    %end;
    .thread T_5;
    .scope S_0x558b7b3fd1e0;
T_6 ;
    %vpi_call 2 107 "$dumpfile", "stim_and_golden.vcd" {0 0 0};
    %vpi_call 2 108 "$dumpvars", 32'sb00000000000000000000000000000000, S_0x558b7b41eee0 {0 0 0};
    %end;
    .thread T_6;
# The file index is used to find the file name in the following table.
:file_names 4;
    "N/A";
    "<interactive>";
    "verif/tb/tb_stimulus.v";
    "verif/rtl/test_ram_sync.v";
