#! /usr/bin/vvp
:ivl_version "12.0 (stable)";
:ivl_delay_selection "TYPICAL";
:vpi_time_precision - 12;
:vpi_module "/usr/lib/x86_64-linux-gnu/ivl/system.vpi";
:vpi_module "/usr/lib/x86_64-linux-gnu/ivl/vhdl_sys.vpi";
:vpi_module "/usr/lib/x86_64-linux-gnu/ivl/vhdl_textio.vpi";
:vpi_module "/usr/lib/x86_64-linux-gnu/ivl/v2005_math.vpi";
:vpi_module "/usr/lib/x86_64-linux-gnu/ivl/va_math.vpi";
:vpi_module "/usr/lib/x86_64-linux-gnu/ivl/v2009.vpi";
S_0x615e5d3edd90 .scope package, "$unit" "$unit" 2 1;
 .timescale 0 0;
S_0x615e5d411880 .scope module, "tb_signal_processor_stim" "tb_signal_processor_stim" 3 3;
 .timescale -9 -12;
v0x615e5d439c40_0 .var "clk", 0 0;
v0x615e5d439d00_0 .var "coeff", 17 0;
v0x615e5d439dc0_0 .var/i "cycle", 31 0;
v0x615e5d439e80_0 .var "in_a", 7 0;
v0x615e5d439f70_0 .var "in_b", 7 0;
v0x615e5d43a060_0 .net "out_p", 47 0, v0x615e5d439780_0;  1 drivers
v0x615e5d43a130_0 .net "out_parity", 0 0, L_0x615e5d44fd20;  1 drivers
v0x615e5d43a200_0 .var "tap_sel", 4 0;
E_0x615e5d3f0e90 .event negedge, v0x615e5d437c50_0;
S_0x615e5d411540 .scope module, "dut" "signal_processor" 3 12, 4 1 0, S_0x615e5d411880;
 .timescale 0 0;
    .port_info 0 /INPUT 1 "clk";
    .port_info 1 /INPUT 8 "in_a";
    .port_info 2 /INPUT 8 "in_b";
    .port_info 3 /INPUT 18 "coeff";
    .port_info 4 /INPUT 5 "tap_sel";
    .port_info 5 /OUTPUT 48 "out_p";
    .port_info 6 /OUTPUT 1 "out_parity";
L_0x615e5d43c940 .functor XOR 4, L_0x615e5d43c7b0, L_0x615e5d43c850, C4<0000>, C4<0000>;
L_0x615e5d43f160 .functor XOR 4, L_0x615e5d43efe0, L_0x615e5d43f0c0, C4<0000>, C4<0000>;
L_0x615e5d44fd20 .functor BUFZ 1, L_0x615e5d44fc30, C4<0>, C4<0>, C4<0>;
v0x615e5d438b60_0 .net *"_ivl_20", 3 0, L_0x615e5d43efe0;  1 drivers
v0x615e5d438c60_0 .net *"_ivl_22", 3 0, L_0x615e5d43f0c0;  1 drivers
v0x615e5d438d40_0 .net *"_ivl_32", 0 0, L_0x615e5d43f470;  1 drivers
v0x615e5d438e00_0 .net *"_ivl_33", 18 0, L_0x615e5d43f560;  1 drivers
v0x615e5d438ee0_0 .net *"_ivl_5", 3 0, L_0x615e5d43c7b0;  1 drivers
v0x615e5d439010_0 .net *"_ivl_7", 3 0, L_0x615e5d43c850;  1 drivers
v0x615e5d4390f0_0 .net "clk", 0 0, v0x615e5d439c40_0;  1 drivers
v0x615e5d4391e0_0 .net "co_0", 3 0, L_0x615e5d43c5d0;  1 drivers
v0x615e5d4392a0_0 .net "co_1", 3 0, L_0x615e5d43ed10;  1 drivers
v0x615e5d4393d0_0 .net "coeff", 17 0, v0x615e5d439d00_0;  1 drivers
v0x615e5d439470_0 .net "delayed_parity", 0 0, L_0x615e5d44fc30;  1 drivers
v0x615e5d439510_0 .net "in_a", 7 0, v0x615e5d439e80_0;  1 drivers
v0x615e5d4395b0_0 .net "in_b", 7 0, v0x615e5d439f70_0;  1 drivers
v0x615e5d439690_0 .net "mac_out", 47 0, L_0x615e5d43f3b0;  1 drivers
v0x615e5d439780_0 .var "out_p", 47 0;
v0x615e5d439840_0 .net "out_parity", 0 0, L_0x615e5d44fd20;  alias, 1 drivers
v0x615e5d439900_0 .net "parity", 0 0, L_0x615e5d44fa80;  1 drivers
v0x615e5d4399d0_0 .net "s_sum", 7 0, L_0x615e5d43ee00;  1 drivers
v0x615e5d439a90_0 .net "tap_sel", 4 0, v0x615e5d43a200_0;  1 drivers
L_0x615e5d43c6c0 .part v0x615e5d439e80_0, 0, 4;
L_0x615e5d43c7b0 .part v0x615e5d439e80_0, 0, 4;
L_0x615e5d43c850 .part v0x615e5d439f70_0, 0, 4;
L_0x615e5d43ee00 .concat8 [ 4 4 0 0], L_0x615e5d43b8c0, L_0x615e5d43def0;
L_0x615e5d43ef40 .part v0x615e5d439e80_0, 4, 4;
L_0x615e5d43efe0 .part v0x615e5d439e80_0, 4, 4;
L_0x615e5d43f0c0 .part v0x615e5d439f70_0, 4, 4;
L_0x615e5d43f270 .part L_0x615e5d43c5d0, 3, 1;
L_0x615e5d43f470 .part L_0x615e5d43ee00, 7, 1;
LS_0x615e5d43f560_0_0 .concat [ 1 1 1 1], L_0x615e5d43f470, L_0x615e5d43f470, L_0x615e5d43f470, L_0x615e5d43f470;
LS_0x615e5d43f560_0_4 .concat [ 1 1 1 1], L_0x615e5d43f470, L_0x615e5d43f470, L_0x615e5d43f470, L_0x615e5d43f470;
LS_0x615e5d43f560_0_8 .concat [ 1 1 1 1], L_0x615e5d43f470, L_0x615e5d43f470, L_0x615e5d43f470, L_0x615e5d43f470;
LS_0x615e5d43f560_0_12 .concat [ 1 1 1 1], L_0x615e5d43f470, L_0x615e5d43f470, L_0x615e5d43f470, L_0x615e5d43f470;
LS_0x615e5d43f560_0_16 .concat [ 1 1 1 0], L_0x615e5d43f470, L_0x615e5d43f470, L_0x615e5d43f470;
LS_0x615e5d43f560_1_0 .concat [ 4 4 4 4], LS_0x615e5d43f560_0_0, LS_0x615e5d43f560_0_4, LS_0x615e5d43f560_0_8, LS_0x615e5d43f560_0_12;
LS_0x615e5d43f560_1_4 .concat [ 3 0 0 0], LS_0x615e5d43f560_0_16;
L_0x615e5d43f560 .concat [ 16 3 0 0], LS_0x615e5d43f560_1_0, LS_0x615e5d43f560_1_4;
L_0x615e5d43f9d0 .concat [ 8 19 0 0], L_0x615e5d43ee00, L_0x615e5d43f560;
L_0x615e5d44fa80 .reduce/xor L_0x615e5d43ee00;
S_0x615e5d410cb0 .scope module, "c0" "CARRY4" 4 14, 5 1 0, S_0x615e5d411540;
 .timescale 0 0;
    .port_info 0 /OUTPUT 4 "CO";
    .port_info 1 /OUTPUT 4 "O";
    .port_info 2 /INPUT 4 "DI";
    .port_info 3 /INPUT 4 "S";
    .port_info 4 /INPUT 1 "CYINIT";
    .port_info 5 /INPUT 1 "CI";
L_0x7cbe77b57018 .functor BUFT 1, C4<0>, C4<0>, C4<0>, C4<0>;
L_0x7cbe77b57060 .functor BUFT 1, C4<0>, C4<0>, C4<0>, C4<0>;
L_0x615e5d416bb0 .functor OR 1, L_0x7cbe77b57018, L_0x7cbe77b57060, C4<0>, C4<0>;
L_0x615e5d4136c0 .functor XOR 1, L_0x615e5d43a350, L_0x615e5d43a450, C4<0>, C4<0>;
L_0x615e5d412d00 .functor XOR 1, L_0x615e5d43aaa0, L_0x615e5d43ab40, C4<0>, C4<0>;
L_0x615e5d43b070 .functor XOR 1, L_0x615e5d43b130, L_0x615e5d43b1d0, C4<0>, C4<0>;
L_0x615e5d43bba0 .functor XOR 1, L_0x615e5d43ba50, L_0x615e5d43b700, C4<0>, C4<0>;
v0x615e5d4137e0_0 .net "CI", 0 0, L_0x7cbe77b57060;  1 drivers
v0x615e5d412e20_0 .net "CO", 3 0, L_0x615e5d43c5d0;  alias, 1 drivers
v0x615e5d433280_0 .net "CYINIT", 0 0, L_0x7cbe77b57018;  1 drivers
v0x615e5d433320_0 .net "DI", 3 0, L_0x615e5d43c6c0;  1 drivers
v0x615e5d433400_0 .net "O", 3 0, L_0x615e5d43b8c0;  1 drivers
v0x615e5d433530_0 .net "S", 3 0, L_0x615e5d43c940;  1 drivers
v0x615e5d433610_0 .net *"_ivl_10", 0 0, L_0x615e5d4136c0;  1 drivers
v0x615e5d4336f0_0 .net *"_ivl_15", 0 0, L_0x615e5d43a620;  1 drivers
v0x615e5d4337d0_0 .net *"_ivl_17", 0 0, L_0x615e5d43a710;  1 drivers
v0x615e5d4338b0_0 .net *"_ivl_19", 0 0, L_0x615e5d43a830;  1 drivers
v0x615e5d433990_0 .net *"_ivl_2", 0 0, L_0x615e5d416bb0;  1 drivers
v0x615e5d433a70_0 .net *"_ivl_20", 0 0, L_0x615e5d43a8d0;  1 drivers
v0x615e5d433b50_0 .net *"_ivl_25", 0 0, L_0x615e5d43aaa0;  1 drivers
v0x615e5d433c30_0 .net *"_ivl_27", 0 0, L_0x615e5d43ab40;  1 drivers
v0x615e5d433d10_0 .net *"_ivl_28", 0 0, L_0x615e5d412d00;  1 drivers
v0x615e5d433df0_0 .net *"_ivl_33", 0 0, L_0x615e5d43acd0;  1 drivers
v0x615e5d433ed0_0 .net *"_ivl_35", 0 0, L_0x615e5d43ad70;  1 drivers
v0x615e5d433fb0_0 .net *"_ivl_37", 0 0, L_0x615e5d43af00;  1 drivers
v0x615e5d434090_0 .net *"_ivl_38", 0 0, L_0x615e5d43afd0;  1 drivers
v0x615e5d434170_0 .net *"_ivl_43", 0 0, L_0x615e5d43b130;  1 drivers
v0x615e5d434250_0 .net *"_ivl_45", 0 0, L_0x615e5d43b1d0;  1 drivers
v0x615e5d434330_0 .net *"_ivl_46", 0 0, L_0x615e5d43b070;  1 drivers
v0x615e5d434410_0 .net *"_ivl_51", 0 0, L_0x615e5d43b3c0;  1 drivers
v0x615e5d4344f0_0 .net *"_ivl_53", 0 0, L_0x615e5d43b460;  1 drivers
v0x615e5d4345d0_0 .net *"_ivl_55", 0 0, L_0x615e5d43b590;  1 drivers
v0x615e5d4346b0_0 .net *"_ivl_56", 0 0, L_0x615e5d43b660;  1 drivers
v0x615e5d434790_0 .net *"_ivl_62", 0 0, L_0x615e5d43ba50;  1 drivers
v0x615e5d434870_0 .net *"_ivl_64", 0 0, L_0x615e5d43b700;  1 drivers
v0x615e5d434950_0 .net *"_ivl_65", 0 0, L_0x615e5d43bba0;  1 drivers
v0x615e5d434a30_0 .net *"_ivl_7", 0 0, L_0x615e5d43a350;  1 drivers
v0x615e5d434b10_0 .net *"_ivl_71", 0 0, L_0x615e5d43bfa0;  1 drivers
v0x615e5d434bf0_0 .net *"_ivl_73", 0 0, L_0x615e5d43c150;  1 drivers
v0x615e5d434cd0_0 .net *"_ivl_75", 0 0, L_0x615e5d43c2c0;  1 drivers
v0x615e5d434fc0_0 .net *"_ivl_76", 0 0, L_0x615e5d43c360;  1 drivers
v0x615e5d4350a0_0 .net *"_ivl_9", 0 0, L_0x615e5d43a450;  1 drivers
v0x615e5d435180_0 .net "c", 4 0, L_0x615e5d43bd00;  1 drivers
L_0x615e5d43a350 .part L_0x615e5d43c940, 0, 1;
L_0x615e5d43a450 .part L_0x615e5d43bd00, 0, 1;
L_0x615e5d43a620 .part L_0x615e5d43c940, 0, 1;
L_0x615e5d43a710 .part L_0x615e5d43bd00, 0, 1;
L_0x615e5d43a830 .part L_0x615e5d43c6c0, 0, 1;
L_0x615e5d43a8d0 .functor MUXZ 1, L_0x615e5d43a830, L_0x615e5d43a710, L_0x615e5d43a620, C4<>;
L_0x615e5d43aaa0 .part L_0x615e5d43c940, 1, 1;
L_0x615e5d43ab40 .part L_0x615e5d43bd00, 1, 1;
L_0x615e5d43acd0 .part L_0x615e5d43c940, 1, 1;
L_0x615e5d43ad70 .part L_0x615e5d43bd00, 1, 1;
L_0x615e5d43af00 .part L_0x615e5d43c6c0, 1, 1;
L_0x615e5d43afd0 .functor MUXZ 1, L_0x615e5d43af00, L_0x615e5d43ad70, L_0x615e5d43acd0, C4<>;
L_0x615e5d43b130 .part L_0x615e5d43c940, 2, 1;
L_0x615e5d43b1d0 .part L_0x615e5d43bd00, 2, 1;
L_0x615e5d43b3c0 .part L_0x615e5d43c940, 2, 1;
L_0x615e5d43b460 .part L_0x615e5d43bd00, 2, 1;
L_0x615e5d43b590 .part L_0x615e5d43c6c0, 2, 1;
L_0x615e5d43b660 .functor MUXZ 1, L_0x615e5d43b590, L_0x615e5d43b460, L_0x615e5d43b3c0, C4<>;
L_0x615e5d43b8c0 .concat8 [ 1 1 1 1], L_0x615e5d4136c0, L_0x615e5d412d00, L_0x615e5d43b070, L_0x615e5d43bba0;
L_0x615e5d43ba50 .part L_0x615e5d43c940, 3, 1;
L_0x615e5d43b700 .part L_0x615e5d43bd00, 3, 1;
LS_0x615e5d43bd00_0_0 .concat8 [ 1 1 1 1], L_0x615e5d416bb0, L_0x615e5d43a8d0, L_0x615e5d43afd0, L_0x615e5d43b660;
LS_0x615e5d43bd00_0_4 .concat8 [ 1 0 0 0], L_0x615e5d43c360;
L_0x615e5d43bd00 .concat8 [ 4 1 0 0], LS_0x615e5d43bd00_0_0, LS_0x615e5d43bd00_0_4;
L_0x615e5d43bfa0 .part L_0x615e5d43c940, 3, 1;
L_0x615e5d43c150 .part L_0x615e5d43bd00, 3, 1;
L_0x615e5d43c2c0 .part L_0x615e5d43c6c0, 3, 1;
L_0x615e5d43c360 .functor MUXZ 1, L_0x615e5d43c2c0, L_0x615e5d43c150, L_0x615e5d43bfa0, C4<>;
L_0x615e5d43c5d0 .part L_0x615e5d43bd00, 1, 4;
S_0x615e5d435320 .scope module, "c1" "CARRY4" 4 19, 5 1 0, S_0x615e5d411540;
 .timescale 0 0;
    .port_info 0 /OUTPUT 4 "CO";
    .port_info 1 /OUTPUT 4 "O";
    .port_info 2 /INPUT 4 "DI";
    .port_info 3 /INPUT 4 "S";
    .port_info 4 /INPUT 1 "CYINIT";
    .port_info 5 /INPUT 1 "CI";
L_0x7cbe77b570a8 .functor BUFT 1, C4<0>, C4<0>, C4<0>, C4<0>;
L_0x615e5d43caa0 .functor OR 1, L_0x7cbe77b570a8, L_0x615e5d43f270, C4<0>, C4<0>;
L_0x615e5d43cc50 .functor XOR 1, L_0x615e5d43cb10, L_0x615e5d43cbb0, C4<0>, C4<0>;
L_0x615e5d43d340 .functor XOR 1, L_0x615e5d43d1b0, L_0x615e5d43d250, C4<0>, C4<0>;
L_0x615e5d43d730 .functor XOR 1, L_0x615e5d43d7f0, L_0x615e5d43d890, C4<0>, C4<0>;
L_0x615e5d43e1d0 .functor XOR 1, L_0x615e5d43e080, L_0x615e5d43dd60, C4<0>, C4<0>;
v0x615e5d435570_0 .net "CI", 0 0, L_0x615e5d43f270;  1 drivers
v0x615e5d435630_0 .net "CO", 3 0, L_0x615e5d43ed10;  alias, 1 drivers
v0x615e5d435710_0 .net "CYINIT", 0 0, L_0x7cbe77b570a8;  1 drivers
v0x615e5d4357b0_0 .net "DI", 3 0, L_0x615e5d43ef40;  1 drivers
v0x615e5d435890_0 .net "O", 3 0, L_0x615e5d43def0;  1 drivers
v0x615e5d4359c0_0 .net "S", 3 0, L_0x615e5d43f160;  1 drivers
v0x615e5d435aa0_0 .net *"_ivl_10", 0 0, L_0x615e5d43cc50;  1 drivers
v0x615e5d435b80_0 .net *"_ivl_15", 0 0, L_0x615e5d43cd60;  1 drivers
v0x615e5d435c60_0 .net *"_ivl_17", 0 0, L_0x615e5d43ce50;  1 drivers
v0x615e5d435d40_0 .net *"_ivl_19", 0 0, L_0x615e5d43cf40;  1 drivers
v0x615e5d435e20_0 .net *"_ivl_2", 0 0, L_0x615e5d43caa0;  1 drivers
v0x615e5d435f00_0 .net *"_ivl_20", 0 0, L_0x615e5d43cfe0;  1 drivers
v0x615e5d435fe0_0 .net *"_ivl_25", 0 0, L_0x615e5d43d1b0;  1 drivers
v0x615e5d4360c0_0 .net *"_ivl_27", 0 0, L_0x615e5d43d250;  1 drivers
v0x615e5d4361a0_0 .net *"_ivl_28", 0 0, L_0x615e5d43d340;  1 drivers
v0x615e5d436280_0 .net *"_ivl_33", 0 0, L_0x615e5d43d450;  1 drivers
v0x615e5d436360_0 .net *"_ivl_35", 0 0, L_0x615e5d43d4f0;  1 drivers
v0x615e5d436440_0 .net *"_ivl_37", 0 0, L_0x615e5d43d5f0;  1 drivers
v0x615e5d436520_0 .net *"_ivl_38", 0 0, L_0x615e5d43d690;  1 drivers
v0x615e5d436600_0 .net *"_ivl_43", 0 0, L_0x615e5d43d7f0;  1 drivers
v0x615e5d4366e0_0 .net *"_ivl_45", 0 0, L_0x615e5d43d890;  1 drivers
v0x615e5d4367c0_0 .net *"_ivl_46", 0 0, L_0x615e5d43d730;  1 drivers
v0x615e5d4368a0_0 .net *"_ivl_51", 0 0, L_0x615e5d43da50;  1 drivers
v0x615e5d436980_0 .net *"_ivl_53", 0 0, L_0x615e5d43daf0;  1 drivers
v0x615e5d436a60_0 .net *"_ivl_55", 0 0, L_0x615e5d43dc20;  1 drivers
v0x615e5d436b40_0 .net *"_ivl_56", 0 0, L_0x615e5d43dcc0;  1 drivers
v0x615e5d436c20_0 .net *"_ivl_62", 0 0, L_0x615e5d43e080;  1 drivers
v0x615e5d436d00_0 .net *"_ivl_64", 0 0, L_0x615e5d43dd60;  1 drivers
v0x615e5d436de0_0 .net *"_ivl_65", 0 0, L_0x615e5d43e1d0;  1 drivers
v0x615e5d436ec0_0 .net *"_ivl_7", 0 0, L_0x615e5d43cb10;  1 drivers
v0x615e5d436fa0_0 .net *"_ivl_71", 0 0, L_0x615e5d43e6e0;  1 drivers
v0x615e5d437080_0 .net *"_ivl_73", 0 0, L_0x615e5d43e890;  1 drivers
v0x615e5d437160_0 .net *"_ivl_75", 0 0, L_0x615e5d43ea00;  1 drivers
v0x615e5d437450_0 .net *"_ivl_76", 0 0, L_0x615e5d43eaa0;  1 drivers
v0x615e5d437530_0 .net *"_ivl_9", 0 0, L_0x615e5d43cbb0;  1 drivers
v0x615e5d437610_0 .net "c", 4 0, L_0x615e5d43e330;  1 drivers
L_0x615e5d43cb10 .part L_0x615e5d43f160, 0, 1;
L_0x615e5d43cbb0 .part L_0x615e5d43e330, 0, 1;
L_0x615e5d43cd60 .part L_0x615e5d43f160, 0, 1;
L_0x615e5d43ce50 .part L_0x615e5d43e330, 0, 1;
L_0x615e5d43cf40 .part L_0x615e5d43ef40, 0, 1;
L_0x615e5d43cfe0 .functor MUXZ 1, L_0x615e5d43cf40, L_0x615e5d43ce50, L_0x615e5d43cd60, C4<>;
L_0x615e5d43d1b0 .part L_0x615e5d43f160, 1, 1;
L_0x615e5d43d250 .part L_0x615e5d43e330, 1, 1;
L_0x615e5d43d450 .part L_0x615e5d43f160, 1, 1;
L_0x615e5d43d4f0 .part L_0x615e5d43e330, 1, 1;
L_0x615e5d43d5f0 .part L_0x615e5d43ef40, 1, 1;
L_0x615e5d43d690 .functor MUXZ 1, L_0x615e5d43d5f0, L_0x615e5d43d4f0, L_0x615e5d43d450, C4<>;
L_0x615e5d43d7f0 .part L_0x615e5d43f160, 2, 1;
L_0x615e5d43d890 .part L_0x615e5d43e330, 2, 1;
L_0x615e5d43da50 .part L_0x615e5d43f160, 2, 1;
L_0x615e5d43daf0 .part L_0x615e5d43e330, 2, 1;
L_0x615e5d43dc20 .part L_0x615e5d43ef40, 2, 1;
L_0x615e5d43dcc0 .functor MUXZ 1, L_0x615e5d43dc20, L_0x615e5d43daf0, L_0x615e5d43da50, C4<>;
L_0x615e5d43def0 .concat8 [ 1 1 1 1], L_0x615e5d43cc50, L_0x615e5d43d340, L_0x615e5d43d730, L_0x615e5d43e1d0;
L_0x615e5d43e080 .part L_0x615e5d43f160, 3, 1;
L_0x615e5d43dd60 .part L_0x615e5d43e330, 3, 1;
LS_0x615e5d43e330_0_0 .concat8 [ 1 1 1 1], L_0x615e5d43caa0, L_0x615e5d43cfe0, L_0x615e5d43d690, L_0x615e5d43dcc0;
LS_0x615e5d43e330_0_4 .concat8 [ 1 0 0 0], L_0x615e5d43eaa0;
L_0x615e5d43e330 .concat8 [ 4 1 0 0], LS_0x615e5d43e330_0_0, LS_0x615e5d43e330_0_4;
L_0x615e5d43e6e0 .part L_0x615e5d43f160, 3, 1;
L_0x615e5d43e890 .part L_0x615e5d43e330, 3, 1;
L_0x615e5d43ea00 .part L_0x615e5d43ef40, 3, 1;
L_0x615e5d43eaa0 .functor MUXZ 1, L_0x615e5d43ea00, L_0x615e5d43e890, L_0x615e5d43e6e0, C4<>;
L_0x615e5d43ed10 .part L_0x615e5d43e330, 1, 4;
S_0x615e5d4377b0 .scope module, "dsp" "DSP48E2" 4 25, 5 23 0, S_0x615e5d411540;
 .timescale 0 0;
    .port_info 0 /OUTPUT 48 "P";
    .port_info 1 /INPUT 1 "CLK";
    .port_info 2 /INPUT 1 "USE_PRE";
    .port_info 3 /INPUT 27 "A";
    .port_info 4 /INPUT 18 "B";
    .port_info 5 /INPUT 48 "C";
    .port_info 6 /INPUT 27 "D";
    .port_info 7 /INPUT 2 "STATE";
L_0x615e5d43f3b0 .functor BUFZ 48, v0x615e5d4380c0_0, C4<000000000000000000000000000000000000000000000000>, C4<000000000000000000000000000000000000000000000000>, C4<000000000000000000000000000000000000000000000000>;
v0x615e5d4379b0_0 .net "A", 26 0, L_0x615e5d43f9d0;  1 drivers
v0x615e5d437ab0_0 .net "B", 17 0, v0x615e5d439d00_0;  alias, 1 drivers
L_0x7cbe77b57138 .functor BUFT 1, C4<000000000000000000000000000000000000000000000000>, C4<0>, C4<0>, C4<0>;
v0x615e5d437b90_0 .net "C", 47 0, L_0x7cbe77b57138;  1 drivers
v0x615e5d437c50_0 .net "CLK", 0 0, v0x615e5d439c40_0;  alias, 1 drivers
L_0x7cbe77b57180 .functor BUFT 1, C4<000000000000000000000000000>, C4<0>, C4<0>, C4<0>;
v0x615e5d437d10_0 .net "D", 26 0, L_0x7cbe77b57180;  1 drivers
v0x615e5d437e40_0 .net "P", 47 0, L_0x615e5d43f3b0;  alias, 1 drivers
L_0x7cbe77b571c8 .functor BUFT 1, C4<00>, C4<0>, C4<0>, C4<0>;
v0x615e5d437f20_0 .net "STATE", 1 0, L_0x7cbe77b571c8;  1 drivers
L_0x7cbe77b570f0 .functor BUFT 1, C4<0>, C4<0>, C4<0>, C4<0>;
v0x615e5d438000_0 .net "USE_PRE", 0 0, L_0x7cbe77b570f0;  1 drivers
v0x615e5d4380c0_0 .var "preg", 47 0;
E_0x615e5d3f13f0 .event posedge, v0x615e5d437c50_0;
S_0x615e5d4382a0 .scope module, "srl" "SRLC32E" 4 39, 5 40 0, S_0x615e5d411540;
 .timescale 0 0;
    .port_info 0 /OUTPUT 1 "Q";
    .port_info 1 /OUTPUT 1 "Q31";
    .port_info 2 /INPUT 1 "CLK";
    .port_info 3 /INPUT 1 "CE";
    .port_info 4 /INPUT 1 "D";
    .port_info 5 /INPUT 5 "A";
v0x615e5d4384d0_0 .net "A", 4 0, v0x615e5d43a200_0;  alias, 1 drivers
L_0x7cbe77b57210 .functor BUFT 1, C4<1>, C4<0>, C4<0>, C4<0>;
v0x615e5d4385d0_0 .net "CE", 0 0, L_0x7cbe77b57210;  1 drivers
v0x615e5d438690_0 .net "CLK", 0 0, v0x615e5d439c40_0;  alias, 1 drivers
v0x615e5d438730_0 .net "D", 0 0, L_0x615e5d44fa80;  alias, 1 drivers
v0x615e5d4387d0_0 .net "Q", 0 0, L_0x615e5d44fc30;  alias, 1 drivers
v0x615e5d4388c0_0 .net "Q31", 0 0, L_0x615e5d44fb90;  1 drivers
v0x615e5d438980_0 .var "shift_reg", 31 0;
L_0x615e5d44fb90 .part v0x615e5d438980_0, 31, 1;
L_0x615e5d44fc30 .part/v v0x615e5d438980_0, v0x615e5d43a200_0, 1;
    .scope S_0x615e5d4377b0;
T_0 ;
    %wait E_0x615e5d3f13f0;
    %load/vec4 v0x615e5d437b90_0;
    %load/vec4 v0x615e5d4379b0_0;
    %pad/u 48;
    %load/vec4 v0x615e5d437ab0_0;
    %pad/u 48;
    %mul;
    %add;
    %assign/vec4 v0x615e5d4380c0_0, 0;
    %jmp T_0;
    .thread T_0;
    .scope S_0x615e5d4382a0;
T_1 ;
    %wait E_0x615e5d3f13f0;
    %load/vec4 v0x615e5d4385d0_0;
    %flag_set/vec4 8;
    %jmp/0xz  T_1.0, 8;
    %load/vec4 v0x615e5d438980_0;
    %parti/s 31, 0, 2;
    %load/vec4 v0x615e5d438730_0;
    %concat/vec4; draw_concat_vec4
    %assign/vec4 v0x615e5d438980_0, 0;
T_1.0 ;
    %jmp T_1;
    .thread T_1;
    .scope S_0x615e5d411540;
T_2 ;
    %wait E_0x615e5d3f13f0;
    %load/vec4 v0x615e5d439690_0;
    %assign/vec4 v0x615e5d439780_0, 0;
    %jmp T_2;
    .thread T_2;
    .scope S_0x615e5d411880;
T_3 ;
    %delay 5000, 0;
    %load/vec4 v0x615e5d439c40_0;
    %inv;
    %store/vec4 v0x615e5d439c40_0, 0, 1;
    %jmp T_3;
    .thread T_3;
    .scope S_0x615e5d411880;
T_4 ;
    %vpi_call/w 3 26 "$dumpfile", "verif/sim_out/signal_processor_stim.vcd" {0 0 0};
    %vpi_call/w 3 27 "$dumpfile", "benchmark/sim_out/signal_processor_stim.vcd" {0 0 0};
    %vpi_call/w 3 28 "$dumpvars", 32'sb00000000000000000000000000000000, S_0x615e5d411540 {0 0 0};
    %pushi/vec4 0, 0, 1;
    %store/vec4 v0x615e5d439c40_0, 0, 1;
    %pushi/vec4 0, 0, 8;
    %store/vec4 v0x615e5d439e80_0, 0, 8;
    %pushi/vec4 0, 0, 8;
    %store/vec4 v0x615e5d439f70_0, 0, 8;
    %pushi/vec4 0, 0, 18;
    %store/vec4 v0x615e5d439d00_0, 0, 18;
    %pushi/vec4 0, 0, 5;
    %store/vec4 v0x615e5d43a200_0, 0, 5;
    %pushi/vec4 0, 0, 32;
    %store/vec4 v0x615e5d439dc0_0, 0, 32;
T_4.0 ;
    %load/vec4 v0x615e5d439dc0_0;
    %cmpi/s 64, 0, 32;
    %jmp/0xz T_4.1, 5;
    %wait E_0x615e5d3f0e90;
    %vpi_func 3 38 "$random" 32 {0 0 0};
    %pad/s 8;
    %store/vec4 v0x615e5d439e80_0, 0, 8;
    %vpi_func 3 39 "$random" 32 {0 0 0};
    %pad/s 8;
    %store/vec4 v0x615e5d439f70_0, 0, 8;
    %vpi_func 3 40 "$random" 32 {0 0 0};
    %pad/s 18;
    %store/vec4 v0x615e5d439d00_0, 0, 18;
    %load/vec4 v0x615e5d439dc0_0;
    %pushi/vec4 32, 0, 32;
    %mod/s;
    %pad/s 5;
    %store/vec4 v0x615e5d43a200_0, 0, 5;
    %load/vec4 v0x615e5d439dc0_0;
    %addi 1, 0, 32;
    %store/vec4 v0x615e5d439dc0_0, 0, 32;
    %jmp T_4.0;
T_4.1 ;
    %wait E_0x615e5d3f13f0;
    %vpi_call/w 3 45 "$finish" {0 0 0};
    %end;
    .thread T_4;
# The file index is used to find the file name in the following table.
:file_names 6;
    "N/A";
    "<interactive>";
    "-";
    "/home/pratham_sharma/gem/benchmark/tb_signal_processor_stim.sv";
    "/home/pratham_sharma/gem/test3/signal_processor.sv";
    "/home/pratham_sharma/gem/test3/macros_behavioral.sv";
